   Building score-sw-fabric @ file:///home/jefferson/s-core_sw_fabric
      Built score-sw-fabric @ file:///home/jefferson/s-core_sw_fabric
Uninstalled 1 package in 1ms
Installed 1 package in 0.74ms
........................................................................ [  3%]
........................................................................ [  6%]
........................................................................ [ 10%]
........................................................................ [ 13%]
........................................................................ [ 17%]
........................................................................ [ 20%]
........................................................................ [ 23%]
........................................................................ [ 27%]
........................................................................ [ 30%]
........................................................................ [ 34%]
........................................................................ [ 37%]
........................................................................ [ 41%]
........................................................................ [ 44%]
........................................................................ [ 47%]
........................................................................ [ 51%]
........................................................................ [ 54%]
........................................................................ [ 58%]
........................................................................ [ 61%]
........................................................................ [ 64%]
........................................................................ [ 68%]
........................................................................ [ 71%]
........................................................................ [ 75%]
........................................................................ [ 78%]
........................................................................ [ 82%]
........................................................................ [ 85%]
........................................................................ [ 88%]
........................................................................ [ 92%]
..................s......s............................................s. [ 95%]
.........sssss..................................sssss..............sssss [ 99%]
sss.s............                                                        [100%]
2083 passed, 22 skipped in 419.96s (0:06:59)
