[
  "/home/jefferson/.local/share/s-core-tools/codeql-coding-standards-2.61.0/rules/RULE-0-2-2/UnusedParameterMisraCpp.ql",
  "/home/jefferson/.local/share/s-core-tools/codeql-coding-standards-2.61.0/rules/RULE-21-6-3/AdvancedMemoryManagementUsed.ql",
  "/home/jefferson/.local/share/s-core-tools/codeql-coding-standards-2.61.0/rules/RULE-6-2-2/IncompatibleObjectDeclarationsCpp.ql",
  "/home/jefferson/.local/share/s-core-tools/codeql-coding-standards-2.61.0/rules/RULE-6-2-2/IncompatibleFunctionDeclarationsCpp.ql",
  "/home/jefferson/.local/share/s-core-tools/codeql-coding-standards-2.61.0/rules/RULE-19-2-2/InvalidIncludeDirective.ql",
  "/home/jefferson/.local/share/s-core-tools/codeql-coding-standards-2.61.0/rules/RULE-11-6-2/ValueOfAnObjectMustNotBeReadBeforeItHasBeenSet.ql",
  "/home/jefferson/.local/share/s-core-tools/codeql-coding-standards-2.61.0/rules/DIR-15-8-1/CopyAndMoveAssignmentsShallHandleSelfAssignment.ql",
  "/home/jefferson/.local/share/s-core-tools/codeql-coding-standards-2.61.0/rules/RULE-6-5-1/ExternalLinkageNotDeclaredInHeaderFileMisra.ql",
  "/home/jefferson/.local/share/s-core-tools/codeql-coding-standards-2.61.0/rules/RULE-19-1-3/IdentifiersUsedInTheControllingExpressionOf.ql",
  "/home/jefferson/.local/share/s-core-tools/codeql-coding-standards-2.61.0/rules/RULE-6-2-3/DuplicateInlineFunctionDefinitions.ql",
  "/home/jefferson/.local/share/s-core-tools/codeql-coding-standards-2.61.0/rules/RULE-6-2-3/DuplicateTypeDefinitions.ql",
  "/home/jefferson/.local/share/s-core-tools/codeql-coding-standards-2.61.0/rules/RULE-6-2-3/TemplateSpecializationWrongLocation.ql",
  "/home/jefferson/.local/share/s-core-tools/codeql-coding-standards-2.61.0/rules/RULE-8-7-2/PointerDifferenceTakenBetweenDifferentArrays.ql",
  "/home/jefferson/.local/share/s-core-tools/codeql-coding-standards-2.61.0/rules/RULE-7-11-1/NullptrNotTheOnlyFormOfTheNullPointerConstant.ql",
  "/home/jefferson/.local/share/s-core-tools/codeql-coding-standards-2.61.0/rules/RULE-28-6-1/StdMoveWithNonConstLvalue.ql",
  "/home/jefferson/.local/share/s-core-tools/codeql-coding-standards-2.61.0/rules/RULE-26-3-1/VectorShouldNotBeSpecializedWithBool.ql",
  "/home/jefferson/.local/share/s-core-tools/codeql-coding-standards-2.61.0/rules/RULE-8-2-8/PointerToIntegralCast.ql",
  "/home/jefferson/.local/share/s-core-tools/codeql-coding-standards-2.61.0/rules/RULE-0-0-2/InvariantCondition.ql",
  "/home/jefferson/.local/share/s-core-tools/codeql-coding-standards-2.61.0/rules/RULE-5-13-1/BackslashCharacterMisuse.ql",
  "/home/jefferson/.local/share/s-core-tools/codeql-coding-standards-2.61.0/rules/RULE-6-7-2/GlobalVariableUsed.ql",
  "/home/jefferson/.local/share/s-core-tools/codeql-coding-standards-2.61.0/rules/RULE-8-3-1/BuiltInUnaryOperatorAppliedToUnsignedExpression.ql",
  "/home/jefferson/.local/share/s-core-tools/codeql-coding-standards-2.61.0/rules/RULE-24-5-2/NoMemoryFunctionsFromCString.ql",
  "/home/jefferson/.local/share/s-core-tools/codeql-coding-standards-2.61.0/rules/RULE-8-2-11/InappropriateArgumentTypePassedViaEllipsis.ql",
  "/home/jefferson/.local/share/s-core-tools/codeql-coding-standards-2.61.0/rules/RULE-9-3-1/LoopBodyCompoundCondition.ql",
  "/home/jefferson/.local/share/s-core-tools/codeql-coding-standards-2.61.0/rules/RULE-9-3-1/SwitchBodyCompoundCondition.ql",
  "/home/jefferson/.local/share/s-core-tools/codeql-coding-standards-2.61.0/rules/RULE-13-3-3/DeclarationsOfAFunctionSameParameterName.ql",
  "/home/jefferson/.local/share/s-core-tools/codeql-coding-standards-2.61.0/rules/RULE-5-13-5/LowercaseLStartsInLiteralSuffix.ql",
  "/home/jefferson/.local/share/s-core-tools/codeql-coding-standards-2.61.0/rules/RULE-0-0-1/UnreachableStatement.ql",
  "/home/jefferson/.local/share/s-core-tools/codeql-coding-standards-2.61.0/rules/RULE-18-3-3/HandlersReferToNonStaticMembersFromTheirClass.ql",
  "/home/jefferson/.local/share/s-core-tools/codeql-coding-standards-2.61.0/rules/RULE-28-6-3/ObjectUsedWhileInPotentiallyMovedFromState.ql",
  "/home/jefferson/.local/share/s-core-tools/codeql-coding-standards-2.61.0/rules/DIR-0-3-1/PossibleMisuseOfInfiniteFloatingPointValue.ql",
  "/home/jefferson/.local/share/s-core-tools/codeql-coding-standards-2.61.0/rules/DIR-0-3-1/PossibleMisuseOfNaNFloatingPointValue.ql",
  "/home/jefferson/.local/share/s-core-tools/codeql-coding-standards-2.61.0/rules/RULE-8-3-2/BuiltInUnaryPlusOperatorShouldNotBeUsed.ql",
  "/home/jefferson/.local/share/s-core-tools/codeql-coding-standards-2.61.0/rules/RULE-9-6-3/GotoShallJumpToLabelDeclaredLaterInTheFunction.ql",
  "/home/jefferson/.local/share/s-core-tools/codeql-coding-standards-2.61.0/rules/RULE-21-2-1/AtofAtoiAtolAndAtollUsed.ql",
  "/home/jefferson/.local/share/s-core-tools/codeql-coding-standards-2.61.0/rules/RULE-4-1-1/CompilerLanguageExtensionsUsed.ql",
  "/home/jefferson/.local/share/s-core-tools/codeql-coding-standards-2.61.0/rules/RULE-8-2-6/IntToPointerCastProhibited.ql",
  "/home/jefferson/.local/share/s-core-tools/codeql-coding-standards-2.61.0/rules/RULE-18-1-2/EmptyThrowOnlyWithinACatchHandler.ql",
  "/home/jefferson/.local/share/s-core-tools/codeql-coding-standards-2.61.0/rules/RULE-19-1-1/InvalidTokenInDefinedOperator.ql",
  "/home/jefferson/.local/share/s-core-tools/codeql-coding-standards-2.61.0/rules/RULE-19-1-1/DefinedOperatorExpandedInIfDirective.ql",
  "/home/jefferson/.local/share/s-core-tools/codeql-coding-standards-2.61.0/rules/RULE-18-5-1/NoexceptFunctionShouldNotPropagateToTheCaller.ql",
  "/home/jefferson/.local/share/s-core-tools/codeql-coding-standards-2.61.0/rules/RULE-6-8-1/ObjectAccessedBeforeLifetimeMisra.ql",
  "/home/jefferson/.local/share/s-core-tools/codeql-coding-standards-2.61.0/rules/RULE-6-8-1/ObjectAccessedAfterLifetimeMisra.ql",
  "/home/jefferson/.local/share/s-core-tools/codeql-coding-standards-2.61.0/rules/RULE-12-2-3/SignedIntegerNamedBitFieldHaveALengthOfOneBit.ql",
  "/home/jefferson/.local/share/s-core-tools/codeql-coding-standards-2.61.0/rules/RULE-7-0-6/NumericAssignmentTypeMismatch.ql",
  "/home/jefferson/.local/share/s-core-tools/codeql-coding-standards-2.61.0/rules/RULE-7-0-3/NoCharacterNumericalValue.ql",
  "/home/jefferson/.local/share/s-core-tools/codeql-coding-standards-2.61.0/rules/RULE-6-5-2/InternalLinkageSpecifiedAppropriately.ql",
  "/home/jefferson/.local/share/s-core-tools/codeql-coding-standards-2.61.0/rules/RULE-21-2-4/MacroOffsetofShallNotBeUsed.ql",
  "/home/jefferson/.local/share/s-core-tools/codeql-coding-standards-2.61.0/rules/RULE-4-1-3/SignedIntegerOverflow.ql",
  "/home/jefferson/.local/share/s-core-tools/codeql-coding-standards-2.61.0/rules/RULE-4-1-3/PossibleDataRaceBetweenThreads.ql",
  "/home/jefferson/.local/share/s-core-tools/codeql-coding-standards-2.61.0/rules/RULE-4-1-3/DeallocationTypeMismatch.ql",
  "/home/jefferson/.local/share/s-core-tools/codeql-coding-standards-2.61.0/rules/RULE-4-1-3/DivisionByZeroUndefinedBehavior.ql",
  "/home/jefferson/.local/share/s-core-tools/codeql-coding-standards-2.61.0/rules/RULE-4-1-3/NullPointerToMemberAccessUndefinedBehavior.ql",
  "/home/jefferson/.local/share/s-core-tools/codeql-coding-standards-2.61.0/rules/RULE-4-1-3/OutOfRangeEnumCastCriticalUnspecifiedBehavior.ql",
  "/home/jefferson/.local/share/s-core-tools/codeql-coding-standards-2.61.0/rules/RULE-4-1-3/NonExistentMemberAccessUndefinedBehavior.ql",
  "/home/jefferson/.local/share/s-core-tools/codeql-coding-standards-2.61.0/rules/RULE-4-1-3/ArrayDeletedThroughPointerOfIncorrectType.ql",
  "/home/jefferson/.local/share/s-core-tools/codeql-coding-standards-2.61.0/rules/RULE-4-1-3/UninitializedStaticPointerToMemberUndefinedBehavior.ql",
  "/home/jefferson/.local/share/s-core-tools/codeql-coding-standards-2.61.0/rules/RULE-6-2-4/ViolationsOfOneDefinitionRuleMisra.ql",
  "/home/jefferson/.local/share/s-core-tools/codeql-coding-standards-2.61.0/rules/RULE-21-6-4/GlobalUnsizedOperatorDeleteShallBeDefined.ql",
  "/home/jefferson/.local/share/s-core-tools/codeql-coding-standards-2.61.0/rules/RULE-21-6-4/GlobalSizedOperatorDeleteShallBeDefined.ql",
  "/home/jefferson/.local/share/s-core-tools/codeql-coding-standards-2.61.0/rules/RULE-5-7-1/CharacterSequenceUsedWithinACStyleComment.ql",
  "/home/jefferson/.local/share/s-core-tools/codeql-coding-standards-2.61.0/rules/RULE-30-0-1/CstdioMacrosShallNotBeUsed.ql",
  "/home/jefferson/.local/share/s-core-tools/codeql-coding-standards-2.61.0/rules/RULE-30-0-1/CstdioTypesShallNotBeUsed.ql",
  "/home/jefferson/.local/share/s-core-tools/codeql-coding-standards-2.61.0/rules/RULE-30-0-1/CstdioFunctionsShallNotBeUsed.ql",
  "/home/jefferson/.local/share/s-core-tools/codeql-coding-standards-2.61.0/rules/RULE-6-4-3/NameShallBeReferredUsingAQualifiedIdOrThisAudit.ql",
  "/home/jefferson/.local/share/s-core-tools/codeql-coding-standards-2.61.0/rules/RULE-6-4-3/NameShallBeReferredUsingAQualifiedIdOrThis.ql",
  "/home/jefferson/.local/share/s-core-tools/codeql-coding-standards-2.61.0/rules/RULE-11-6-3/NonUniqueEnumerationConstant.ql",
  "/home/jefferson/.local/share/s-core-tools/codeql-coding-standards-2.61.0/rules/RULE-15-0-2/InvalidSignatureForSpecialMemberFunction.ql",
  "/home/jefferson/.local/share/s-core-tools/codeql-coding-standards-2.61.0/rules/DIR-5-7-2/SectionsOfCodeShouldNotBeCommentedOut.ql",
  "/home/jefferson/.local/share/s-core-tools/codeql-coding-standards-2.61.0/rules/RULE-12-2-1/BitFieldsShouldNotBeDeclaredMisraCpp.ql",
  "/home/jefferson/.local/share/s-core-tools/codeql-coding-standards-2.61.0/rules/RULE-22-3-1/AssertMacroUsedWithAConstantExpression.ql",
  "/home/jefferson/.local/share/s-core-tools/codeql-coding-standards-2.61.0/rules/RULE-19-3-2/MacroParameterFollowingHash.ql",
  "/home/jefferson/.local/share/s-core-tools/codeql-coding-standards-2.61.0/rules/RULE-19-3-5/TokensThatLookLikeDirectivesInAMacroArgument.ql",
  "/home/jefferson/.local/share/s-core-tools/codeql-coding-standards-2.61.0/rules/RULE-25-5-2/PointersReturnedByLocaleFunctionsMustBeUsedAsConst.ql",
  "/home/jefferson/.local/share/s-core-tools/codeql-coding-standards-2.61.0/rules/RULE-18-3-2/ClassExceptionCaughtByValue.ql",
  "/home/jefferson/.local/share/s-core-tools/codeql-coding-standards-2.61.0/rules/RULE-21-10-1/NoVariadicFunctionMacros.ql",
  "/home/jefferson/.local/share/s-core-tools/codeql-coding-standards-2.61.0/rules/RULE-28-6-4/PotentiallyErroneousContainerUsage.ql",
  "/home/jefferson/.local/share/s-core-tools/codeql-coding-standards-2.61.0/rules/RULE-8-0-1/MissingSizeofOperatorParenthesis.ql",
  "/home/jefferson/.local/share/s-core-tools/codeql-coding-standards-2.61.0/rules/RULE-8-0-1/MissingPrecedenceClarifyingParenthesis.ql",
  "/home/jefferson/.local/share/s-core-tools/codeql-coding-standards-2.61.0/rules/RULE-6-7-1/LocalVariableStaticStorageDuration.ql",
  "/home/jefferson/.local/share/s-core-tools/codeql-coding-standards-2.61.0/rules/RULE-7-11-3/FunctionPointerConversionContext.ql",
  "/home/jefferson/.local/share/s-core-tools/codeql-coding-standards-2.61.0/rules/RULE-5-13-3/OctalConstantsUsed.ql",
  "/home/jefferson/.local/share/s-core-tools/codeql-coding-standards-2.61.0/rules/RULE-9-2-1/NoStandaloneTypeCastExpression.ql",
  "/home/jefferson/.local/share/s-core-tools/codeql-coding-standards-2.61.0/rules/RULE-10-1-1/PointerOrRefParamNotConst.ql",
  "/home/jefferson/.local/share/s-core-tools/codeql-coding-standards-2.61.0/rules/RULE-18-3-1/MissingCatchAllExceptionHandlerInMain.ql",
  "/home/jefferson/.local/share/s-core-tools/codeql-coding-standards-2.61.0/rules/RULE-6-8-3/AutomaticStorageAssignedToObjectGreaterLifetime.ql",
  "/home/jefferson/.local/share/s-core-tools/codeql-coding-standards-2.61.0/rules/RULE-12-2-2/BitFieldShallHaveAnAppropriateType.ql",
  "/home/jefferson/.local/share/s-core-tools/codeql-coding-standards-2.61.0/rules/RULE-15-0-1/ImproperlyProvidedSpecialMemberFunctions.ql",
  "/home/jefferson/.local/share/s-core-tools/codeql-coding-standards-2.61.0/rules/RULE-8-19-1/CommaOperatorShouldNotBeUsed.ql",
  "/home/jefferson/.local/share/s-core-tools/codeql-coding-standards-2.61.0/rules/RULE-21-2-3/BannedSystemFunction.ql",
  "/home/jefferson/.local/share/s-core-tools/codeql-coding-standards-2.61.0/rules/RULE-8-1-2/ImplicitCapturesDisallowedInNonTransientLambda.ql",
  "/home/jefferson/.local/share/s-core-tools/codeql-coding-standards-2.61.0/rules/RULE-15-1-3/NonExplicitConversionMember.ql",
  "/home/jefferson/.local/share/s-core-tools/codeql-coding-standards-2.61.0/rules/RULE-6-0-3/GlobalNamespaceDeclarations.ql",
  "/home/jefferson/.local/share/s-core-tools/codeql-coding-standards-2.61.0/rules/RULE-8-2-4/CastsBetweenAPointerToFunctionAndAnyOtherType.ql",
  "/home/jefferson/.local/share/s-core-tools/codeql-coding-standards-2.61.0/rules/RULE-15-1-2/InitializeAllVirtualBaseClasses.ql",
  "/home/jefferson/.local/share/s-core-tools/codeql-coding-standards-2.61.0/rules/RULE-8-2-1/VirtualBaseClassCastToDerived.ql",
  "/home/jefferson/.local/share/s-core-tools/codeql-coding-standards-2.61.0/rules/RULE-19-2-3/CharsThatShouldNotOccurInHeaderFileName.ql",
  "/home/jefferson/.local/share/s-core-tools/codeql-coding-standards-2.61.0/rules/RULE-6-4-2/InheritedOverridableMemberFunction.ql",
  "/home/jefferson/.local/share/s-core-tools/codeql-coding-standards-2.61.0/rules/RULE-6-4-2/DefinitionShallBeConsideredForUnqualifiedLookup.ql",
  "/home/jefferson/.local/share/s-core-tools/codeql-coding-standards-2.61.0/rules/RULE-6-4-2/InheritedNonOverridableMemberFunction.ql",
  "/home/jefferson/.local/share/s-core-tools/codeql-coding-standards-2.61.0/rules/RULE-6-8-2/ReturnReferenceOrPointerToAutomaticLocalVariable.ql",
  "/home/jefferson/.local/share/s-core-tools/codeql-coding-standards-2.61.0/rules/RULE-15-1-4/NonStaticMemberNotInitBeforeUse.ql",
  "/home/jefferson/.local/share/s-core-tools/codeql-coding-standards-2.61.0/rules/RULE-17-8-1/FunctionTemplatesExplicitlySpecialized.ql",
  "/home/jefferson/.local/share/s-core-tools/codeql-coding-standards-2.61.0/rules/RULE-8-2-2/NoCStyleOrFunctionalCasts.ql",
  "/home/jefferson/.local/share/s-core-tools/codeql-coding-standards-2.61.0/rules/RULE-6-9-1/TypeAliasesDeclaration.ql",
  "/home/jefferson/.local/share/s-core-tools/codeql-coding-standards-2.61.0/rules/RULE-4-1-2/UseOfDeprecatedUnaryOrBinaryNegate.ql",
  "/home/jefferson/.local/share/s-core-tools/codeql-coding-standards-2.61.0/rules/RULE-4-1-2/UseOfDeprecatedStdIteratorBaseClass.ql",
  "/home/jefferson/.local/share/s-core-tools/codeql-coding-standards-2.61.0/rules/RULE-4-1-2/UseOfDeprecatedSharedPtrUnique.ql",
  "/home/jefferson/.local/share/s-core-tools/codeql-coding-standards-2.61.0/rules/RULE-4-1-2/UseOfDeprecatedStdAllocatorMember.ql",
  "/home/jefferson/.local/share/s-core-tools/codeql-coding-standards-2.61.0/rules/RULE-4-1-2/UseOfDeprecatedCHeaders.ql",
  "/home/jefferson/.local/share/s-core-tools/codeql-coding-standards-2.61.0/rules/RULE-4-1-2/UseOfDeprecatedIsLiteralTypeTraits.ql",
  "/home/jefferson/.local/share/s-core-tools/codeql-coding-standards-2.61.0/rules/RULE-4-1-2/RedeclarationOfStaticConstexprDataMember.ql",
  "/home/jefferson/.local/share/s-core-tools/codeql-coding-standards-2.61.0/rules/RULE-4-1-2/UseOfDeprecatedStrStreamClass.ql",
  "/home/jefferson/.local/share/s-core-tools/codeql-coding-standards-2.61.0/rules/RULE-4-1-2/UseOfUncaughtException.ql",
  "/home/jefferson/.local/share/s-core-tools/codeql-coding-standards-2.61.0/rules/RULE-4-1-2/ImplicitDeclarationOfCopyConstructor.ql",
  "/home/jefferson/.local/share/s-core-tools/codeql-coding-standards-2.61.0/rules/RULE-4-1-2/UseOfDeprecatedTemporaryBuffers.ql",
  "/home/jefferson/.local/share/s-core-tools/codeql-coding-standards-2.61.0/rules/RULE-4-1-2/UseOfDeprecatedRawStorageIterator.ql",
  "/home/jefferson/.local/share/s-core-tools/codeql-coding-standards-2.61.0/rules/RULE-4-1-2/UseOfDeprecatedFunctionBinderTypedefMember.ql",
  "/home/jefferson/.local/share/s-core-tools/codeql-coding-standards-2.61.0/rules/RULE-4-1-2/NoexceptSpecifierThrow.ql",
  "/home/jefferson/.local/share/s-core-tools/codeql-coding-standards-2.61.0/rules/RULE-4-1-2/UseOfDeprecatedAllocatorVoid.ql",
  "/home/jefferson/.local/share/s-core-tools/codeql-coding-standards-2.61.0/rules/RULE-5-13-6/LongLongLiteralWithSingleLSuffix.ql",
  "/home/jefferson/.local/share/s-core-tools/codeql-coding-standards-2.61.0/rules/RULE-7-0-4/InappropriateBitwiseOrShiftOperands.ql",
  "/home/jefferson/.local/share/s-core-tools/codeql-coding-standards-2.61.0/rules/RULE-10-3-1/UnnamedNamespacesInHeaderFiles.ql",
  "/home/jefferson/.local/share/s-core-tools/codeql-coding-standards-2.61.0/rules/RULE-6-8-4/MemberFunctionsRefqualified.ql",
  "/home/jefferson/.local/share/s-core-tools/codeql-coding-standards-2.61.0/rules/RULE-14-1-1/PrivateAndPublicDataMembersMixed.ql",
  "/home/jefferson/.local/share/s-core-tools/codeql-coding-standards-2.61.0/rules/RULE-5-0-1/TrigraphLikeSequencesShouldNotBeUsed.ql",
  "/home/jefferson/.local/share/s-core-tools/codeql-coding-standards-2.61.0/rules/RULE-9-5-2/ForRangeInitializerAtMostOneFunctionCall.ql",
  "/home/jefferson/.local/share/s-core-tools/codeql-coding-standards-2.61.0/rules/RULE-5-10-1/PoorlyFormedIdentifier.ql",
  "/home/jefferson/.local/share/s-core-tools/codeql-coding-standards-2.61.0/rules/RULE-21-6-2/DynamicMemoryManagedManually.ql",
  "/home/jefferson/.local/share/s-core-tools/codeql-coding-standards-2.61.0/rules/RULE-18-1-1/ExceptionObjectHavePointerType.ql",
  "/home/jefferson/.local/share/s-core-tools/codeql-coding-standards-2.61.0/rules/RULE-12-3-1/UnionKeywordUsed.ql",
  "/home/jefferson/.local/share/s-core-tools/codeql-coding-standards-2.61.0/rules/RULE-10-1-2/VolatileQualifierNotUsedAppropriately.ql",
  "/home/jefferson/.local/share/s-core-tools/codeql-coding-standards-2.61.0/rules/RULE-8-20-1/UnsignedOperationWithConstantOperandsWraps.ql",
  "/home/jefferson/.local/share/s-core-tools/codeql-coding-standards-2.61.0/rules/RULE-9-6-2/GotoReferenceALabelInSurroundingBlock.ql",
  "/home/jefferson/.local/share/s-core-tools/codeql-coding-standards-2.61.0/rules/RULE-28-3-1/PredicateWithPersistentSideEffects.ql",
  "/home/jefferson/.local/share/s-core-tools/codeql-coding-standards-2.61.0/rules/RULE-28-3-1/NonConstPredicateFunctionObject.ql",
  "/home/jefferson/.local/share/s-core-tools/codeql-coding-standards-2.61.0/rules/RULE-16-5-1/LogicalAndAndLogicalOrOperatorsOverloaded.ql",
  "/home/jefferson/.local/share/s-core-tools/codeql-coding-standards-2.61.0/rules/RULE-5-13-2/NonTerminatedEscapeSequences.ql",
  "/home/jefferson/.local/share/s-core-tools/codeql-coding-standards-2.61.0/rules/RULE-5-7-3/LineSplicingUsedInComments.ql",
  "/home/jefferson/.local/share/s-core-tools/codeql-coding-standards-2.61.0/rules/RULE-19-0-3/IncludeDirectivesPrecededByPreprocessorDirectives.ql",
  "/home/jefferson/.local/share/s-core-tools/codeql-coding-standards-2.61.0/rules/RULE-25-5-1/LocaleGlobalFunctionNotAllowed.ql",
  "/home/jefferson/.local/share/s-core-tools/codeql-coding-standards-2.61.0/rules/RULE-8-2-9/PolymorphicClassTypeExpressionInTypeid.ql",
  "/home/jefferson/.local/share/s-core-tools/codeql-coding-standards-2.61.0/rules/RULE-28-6-2/ForwardingReferencesAndForwardNotUsedTogether.ql",
  "/home/jefferson/.local/share/s-core-tools/codeql-coding-standards-2.61.0/rules/RULE-10-2-2/UnscopedEnumerationsShouldNotBeDeclared.ql",
  "/home/jefferson/.local/share/s-core-tools/codeql-coding-standards-2.61.0/rules/RULE-9-5-1/LegacyForStatementsShouldBeSimple.ql",
  "/home/jefferson/.local/share/s-core-tools/codeql-coding-standards-2.61.0/rules/RULE-21-10-3/CsignalTypesShallNotBeUsed.ql",
  "/home/jefferson/.local/share/s-core-tools/codeql-coding-standards-2.61.0/rules/RULE-21-10-3/CsignalFacilitiesUsed.ql",
  "/home/jefferson/.local/share/s-core-tools/codeql-coding-standards-2.61.0/rules/RULE-8-2-5/ReinterpretCastShallNotBeUsed.ql",
  "/home/jefferson/.local/share/s-core-tools/codeql-coding-standards-2.61.0/rules/RULE-8-2-3/CastRemovesConstOrVolatileFromPointerOrReference.ql",
  "/home/jefferson/.local/share/s-core-tools/codeql-coding-standards-2.61.0/rules/RULE-19-0-4/UndefOfMacroNotDefinedInFile.ql",
  "/home/jefferson/.local/share/s-core-tools/codeql-coding-standards-2.61.0/rules/RULE-0-2-3/UnusedTypeWithLimitedVisibility.ql",
  "/home/jefferson/.local/share/s-core-tools/codeql-coding-standards-2.61.0/rules/RULE-10-2-3/UnscopedEnumWithoutFixedUnderlyingTypeUsed.ql",
  "/home/jefferson/.local/share/s-core-tools/codeql-coding-standards-2.61.0/rules/RULE-18-4-1/ExceptionUnfriendlyFunctionMustBeNoexcept.ql",
  "/home/jefferson/.local/share/s-core-tools/codeql-coding-standards-2.61.0/rules/RULE-13-1-1/VirtualInheritanceNotAllowed.ql",
  "/home/jefferson/.local/share/s-core-tools/codeql-coding-standards-2.61.0/rules/RULE-6-0-1/BlockScopeFunctionAmbiguous.ql",
  "/home/jefferson/.local/share/s-core-tools/codeql-coding-standards-2.61.0/rules/RULE-16-6-1/InvalidOperatorOverloadedAsMemberFunction.ql",
  "/home/jefferson/.local/share/s-core-tools/codeql-coding-standards-2.61.0/rules/RULE-13-3-4/PotentiallyVirtualPointerOnlyComparesToNullptr.ql",
  "/home/jefferson/.local/share/s-core-tools/codeql-coding-standards-2.61.0/rules/RULE-21-6-1/DynamicMemoryShouldNotBeUsed.ql",
  "/home/jefferson/.local/share/s-core-tools/codeql-coding-standards-2.61.0/rules/RULE-8-2-10/FunctionsCallThemselvesEitherDirectlyOrIndirectly.ql",
  "/home/jefferson/.local/share/s-core-tools/codeql-coding-standards-2.61.0/rules/RULE-8-1-1/NonTransientLambdaImplicitlyCapturesThis.ql",
  "/home/jefferson/.local/share/s-core-tools/codeql-coding-standards-2.61.0/rules/RULE-7-0-1/NoConversionFromBool.ql",
  "/home/jefferson/.local/share/s-core-tools/codeql-coding-standards-2.61.0/rules/RULE-7-11-2/ArrayPassedAsFunctionArgumentDecayToAPointer.ql",
  "/home/jefferson/.local/share/s-core-tools/codeql-coding-standards-2.61.0/rules/RULE-7-0-2/NoImplicitBoolConversion.ql",
  "/home/jefferson/.local/share/s-core-tools/codeql-coding-standards-2.61.0/rules/RULE-8-18-1/ObjectCopiedToAnOverlappingObjectMisraCpp.ql",
  "/home/jefferson/.local/share/s-core-tools/codeql-coding-standards-2.61.0/rules/RULE-8-18-1/ObjectAssignedToAnOverlappingObjectMisraCpp.ql",
  "/home/jefferson/.local/share/s-core-tools/codeql-coding-standards-2.61.0/rules/RULE-8-9-1/PointerComparedBetweenDifferentArrays.ql",
  "/home/jefferson/.local/share/s-core-tools/codeql-coding-standards-2.61.0/rules/RULE-21-10-2/NoCsetjmpHeader.ql",
  "/home/jefferson/.local/share/s-core-tools/codeql-coding-standards-2.61.0/rules/RULE-0-1-2/UnusedReturnValueMisraCpp.ql",
  "/home/jefferson/.local/share/s-core-tools/codeql-coding-standards-2.61.0/rules/RULE-7-0-5/NoSignednessChangeFromPromotion.ql",
  "/home/jefferson/.local/share/s-core-tools/codeql-coding-standards-2.61.0/rules/RULE-5-13-4/UnsignedIntegerLiteralsNotAppropriatelySuffixed.ql",
  "/home/jefferson/.local/share/s-core-tools/codeql-coding-standards-2.61.0/rules/RULE-4-6-1/MemoryUsageNotSequenced.ql",
  "/home/jefferson/.local/share/s-core-tools/codeql-coding-standards-2.61.0/rules/RULE-19-6-1/DisallowedUseOfPragma.ql",
  "/home/jefferson/.local/share/s-core-tools/codeql-coding-standards-2.61.0/rules/RULE-6-9-2/AvoidStandardIntegerTypeNames.ql",
  "/home/jefferson/.local/share/s-core-tools/codeql-coding-standards-2.61.0/rules/RULE-6-0-2/ExternalLinkageArrayWithoutExplicitSizeMisra.ql",
  "/home/jefferson/.local/share/s-core-tools/codeql-coding-standards-2.61.0/rules/RULE-19-3-1/AndPreprocessorOperatorsShouldNotBeUsed.ql",
  "/home/jefferson/.local/share/s-core-tools/codeql-coding-standards-2.61.0/rules/RULE-9-4-1/IfElseIfEndCondition.ql",
  "/home/jefferson/.local/share/s-core-tools/codeql-coding-standards-2.61.0/rules/RULE-10-4-1/AsmDeclarationShallNotBeUsed.ql",
  "/home/jefferson/.local/share/s-core-tools/codeql-coding-standards-2.61.0/rules/RULE-19-0-2/FunctionLikeMacrosDefined.ql",
  "/home/jefferson/.local/share/s-core-tools/codeql-coding-standards-2.61.0/rules/RULE-19-3-4/UnparenthesizedMacroArgument.ql",
  "/home/jefferson/.local/share/s-core-tools/codeql-coding-standards-2.61.0/rules/RULE-13-1-2/VirtualAndNonVirtualClassInTheHierarchy.ql",
  "/home/jefferson/.local/share/s-core-tools/codeql-coding-standards-2.61.0/rules/RULE-10-0-1/UseSingleGlobalOrMemberDeclarators.ql",
  "/home/jefferson/.local/share/s-core-tools/codeql-coding-standards-2.61.0/rules/RULE-10-0-1/UseSingleLocalDeclarators.ql",
  "/home/jefferson/.local/share/s-core-tools/codeql-coding-standards-2.61.0/rules/RULE-11-6-1/UninitializedVariable.ql",
  "/home/jefferson/.local/share/s-core-tools/codeql-coding-standards-2.61.0/rules/RULE-19-3-3/AMixedUseMacroArgumentSubjectToExpansion.ql",
  "/home/jefferson/.local/share/s-core-tools/codeql-coding-standards-2.61.0/rules/RULE-0-2-4/UnusedLimitedVisibilityFunction.ql",
  "/home/jefferson/.local/share/s-core-tools/codeql-coding-standards-2.61.0/rules/RULE-9-4-2/AppropriateStructureOfSwitchStatement.ql",
  "/home/jefferson/.local/share/s-core-tools/codeql-coding-standards-2.61.0/rules/RULE-21-2-2/UnsafeStringHandlingFunctions.ql",
  "/home/jefferson/.local/share/s-core-tools/codeql-coding-standards-2.61.0/rules/RULE-6-0-4/NonGlobalFunctionMain.ql",
  "/home/jefferson/.local/share/s-core-tools/codeql-coding-standards-2.61.0/rules/RULE-30-0-2/ReadsAndWritesOnStreamNotSeparatedByPositioning.ql",
  "/home/jefferson/.local/share/s-core-tools/codeql-coding-standards-2.61.0/rules/RULE-16-5-2/AddressOfOperatorOverloaded.ql",
  "/home/jefferson/.local/share/s-core-tools/codeql-coding-standards-2.61.0/rules/RULE-9-6-1/GotoStatementShouldNotBeUsed.ql",
  "/home/jefferson/.local/share/s-core-tools/codeql-coding-standards-2.61.0/rules/RULE-22-4-1/InvalidAssignmentToErrno.ql",
  "/home/jefferson/.local/share/s-core-tools/codeql-coding-standards-2.61.0/rules/RULE-15-1-1/ObjectsDynamicTypeUsedFromConstructorOrDestructor.ql",
  "/home/jefferson/.local/share/s-core-tools/codeql-coding-standards-2.61.0/rules/RULE-8-2-7/NoPointerToIntegralCast.ql",
  "/home/jefferson/.local/share/s-core-tools/codeql-coding-standards-2.61.0/rules/RULE-0-2-1/UnusedLimitedVisibilityVariable.ql",
  "/home/jefferson/.local/share/s-core-tools/codeql-coding-standards-2.61.0/rules/RULE-6-4-1/VariableDeclaredInInnerScopeHidesOuterScope.ql",
  "/home/jefferson/.local/share/s-core-tools/codeql-coding-standards-2.61.0/rules/RULE-13-3-1/MemberSpecifiersNotUsedAppropriately.ql",
  "/home/jefferson/.local/share/s-core-tools/codeql-coding-standards-2.61.0/rules/RULE-8-18-2/ResultOfAnAssignmentOperatorShouldNotBeUsed.ql",
  "/home/jefferson/.local/share/s-core-tools/codeql-coding-standards-2.61.0/rules/RULE-15-1-5/InitializerListConstructorIsTheOnlyConstructor.ql",
  "/home/jefferson/.local/share/s-core-tools/codeql-coding-standards-2.61.0/rules/RULE-11-3-1/VariableDeclaredArrayType.ql",
  "/home/jefferson/.local/share/s-core-tools/codeql-coding-standards-2.61.0/rules/RULE-23-11-1/UseSmartPtrFactoryFunctions.ql",
  "/home/jefferson/.local/share/s-core-tools/codeql-coding-standards-2.61.0/rules/RULE-8-7-1/PointerArgumentToCstringFunctionIsInvalid.ql",
  "/home/jefferson/.local/share/s-core-tools/codeql-coding-standards-2.61.0/rules/RULE-8-7-1/PointerArithmeticFormsAnInvalidPointer.ql",
  "/home/jefferson/.local/share/s-core-tools/codeql-coding-standards-2.61.0/rules/RULE-19-2-1/IncludeOutsideGuard.ql",
  "/home/jefferson/.local/share/s-core-tools/codeql-coding-standards-2.61.0/rules/RULE-19-2-1/NoValidIfdefGuardInHeader.ql",
  "/home/jefferson/.local/share/s-core-tools/codeql-coding-standards-2.61.0/rules/RULE-6-2-1/OneDefinitionRuleViolated.ql",
  "/home/jefferson/.local/share/s-core-tools/codeql-coding-standards-2.61.0/rules/RULE-10-2-1/EnumerationNotDefinedWithAnExplicitUnderlyingType.ql",
  "/home/jefferson/.local/share/s-core-tools/codeql-coding-standards-2.61.0/rules/RULE-21-6-5/PointerToAnIncompleteClassTypeDeleted.ql",
  "/home/jefferson/.local/share/s-core-tools/codeql-coding-standards-2.61.0/rules/RULE-11-3-2/DeclarationOfAnObjectIndirectionsLevel.ql",
  "/home/jefferson/.local/share/s-core-tools/codeql-coding-standards-2.61.0/rules/RULE-25-5-3/CallToSetlocaleInvalidatesOldPointersMisra.ql",
  "/home/jefferson/.local/share/s-core-tools/codeql-coding-standards-2.61.0/rules/RULE-25-5-3/CallToSetlocaleInvalidatesOldPointersWarnMisra.ql",
  "/home/jefferson/.local/share/s-core-tools/codeql-coding-standards-2.61.0/rules/RULE-24-5-1/CharacterHandlingFunctionRestrictions.ql",
  "/home/jefferson/.local/share/s-core-tools/codeql-coding-standards-2.61.0/rules/RULE-9-6-5/NonVoidFunctionShallReturnAValueOnAllPaths.ql",
  "/home/jefferson/.local/share/s-core-tools/codeql-coding-standards-2.61.0/rules/RULE-0-1-1/UnnecessaryWriteToLocalObject.ql",
  "/home/jefferson/.local/share/s-core-tools/codeql-coding-standards-2.61.0/rules/RULE-18-5-2/AvoidProgramTerminatingFunctions.ql",
  "/home/jefferson/.local/share/s-core-tools/codeql-coding-standards-2.61.0/rules/RULE-8-14-1/ShortCircuitedPersistentSideEffect.ql",
  "/home/jefferson/.local/share/s-core-tools/codeql-coding-standards-2.61.0/rules/RULE-13-3-2/OverridingShallSpecifyDifferentDefaultArguments.ql",
  "/home/jefferson/.local/share/s-core-tools/codeql-coding-standards-2.61.0/rules/RULE-9-6-4/FunctionDeclaredWithTheNoreturnAttributeReturn.ql"
]
