[
  "/home/jefferson/.local/share/s-core-tools/codeql-2.21.4/codeql/qlpacks/codeql/cpp-queries/1.4.1/Header Cleanup/Cleanup-DuplicateIncludeGuard.ql",
  "/home/jefferson/.local/share/s-core-tools/codeql-2.21.4/codeql/qlpacks/codeql/cpp-queries/1.4.1/Documentation/FixmeComments.ql",
  "/home/jefferson/.local/share/s-core-tools/codeql-2.21.4/codeql/qlpacks/codeql/cpp-queries/1.4.1/Documentation/CommentedOutCode.ql",
  "/home/jefferson/.local/share/s-core-tools/codeql-2.21.4/codeql/qlpacks/codeql/cpp-queries/1.4.1/Critical/LargeParameter.ql",
  "/home/jefferson/.local/share/s-core-tools/codeql-2.21.4/codeql/qlpacks/codeql/cpp-queries/1.4.1/Critical/UseAfterFree.ql",
  "/home/jefferson/.local/share/s-core-tools/codeql-2.21.4/codeql/qlpacks/codeql/cpp-queries/1.4.1/Critical/DeadCodeGoto.ql",
  "/home/jefferson/.local/share/s-core-tools/codeql-2.21.4/codeql/qlpacks/codeql/cpp-queries/1.4.1/Critical/IncorrectCheckScanf.ql",
  "/home/jefferson/.local/share/s-core-tools/codeql-2.21.4/codeql/qlpacks/codeql/cpp-queries/1.4.1/Critical/NewDeleteArrayMismatch.ql",
  "/home/jefferson/.local/share/s-core-tools/codeql-2.21.4/codeql/qlpacks/codeql/cpp-queries/1.4.1/Critical/NewArrayDeleteMismatch.ql",
  "/home/jefferson/.local/share/s-core-tools/codeql-2.21.4/codeql/qlpacks/codeql/cpp-queries/1.4.1/Critical/DoubleFree.ql",
  "/home/jefferson/.local/share/s-core-tools/codeql-2.21.4/codeql/qlpacks/codeql/cpp-queries/1.4.1/Critical/NewFreeMismatch.ql",
  "/home/jefferson/.local/share/s-core-tools/codeql-2.21.4/codeql/qlpacks/codeql/cpp-queries/1.4.1/Critical/OverflowStatic.ql",
  "/home/jefferson/.local/share/s-core-tools/codeql-2.21.4/codeql/qlpacks/codeql/cpp-queries/1.4.1/Likely Bugs/ContinueInFalseLoop.ql",
  "/home/jefferson/.local/share/s-core-tools/codeql-2.21.4/codeql/qlpacks/codeql/cpp-queries/1.4.1/Likely Bugs/Conversion/LossyPointerCast.ql",
  "/home/jefferson/.local/share/s-core-tools/codeql-2.21.4/codeql/qlpacks/codeql/cpp-queries/1.4.1/Likely Bugs/Conversion/ArrayArgSizeMismatch.ql",
  "/home/jefferson/.local/share/s-core-tools/codeql-2.21.4/codeql/qlpacks/codeql/cpp-queries/1.4.1/Likely Bugs/Conversion/ImplicitDowncastFromBitfield.ql",
  "/home/jefferson/.local/share/s-core-tools/codeql-2.21.4/codeql/qlpacks/codeql/cpp-queries/1.4.1/Likely Bugs/Conversion/CastArrayPointerArithmetic.ql",
  "/home/jefferson/.local/share/s-core-tools/codeql-2.21.4/codeql/qlpacks/codeql/cpp-queries/1.4.1/Likely Bugs/Arithmetic/UnsignedGEZero.ql",
  "/home/jefferson/.local/share/s-core-tools/codeql-2.21.4/codeql/qlpacks/codeql/cpp-queries/1.4.1/Likely Bugs/Arithmetic/PointlessSelfComparison.ql",
  "/home/jefferson/.local/share/s-core-tools/codeql-2.21.4/codeql/qlpacks/codeql/cpp-queries/1.4.1/Likely Bugs/Arithmetic/IntMultToLong.ql",
  "/home/jefferson/.local/share/s-core-tools/codeql-2.21.4/codeql/qlpacks/codeql/cpp-queries/1.4.1/Likely Bugs/Arithmetic/FloatComparison.ql",
  "/home/jefferson/.local/share/s-core-tools/codeql-2.21.4/codeql/qlpacks/codeql/cpp-queries/1.4.1/Likely Bugs/Arithmetic/ComparisonPrecedence.ql",
  "/home/jefferson/.local/share/s-core-tools/codeql-2.21.4/codeql/qlpacks/codeql/cpp-queries/1.4.1/Likely Bugs/Arithmetic/PointlessComparison.ql",
  "/home/jefferson/.local/share/s-core-tools/codeql-2.21.4/codeql/qlpacks/codeql/cpp-queries/1.4.1/Likely Bugs/Arithmetic/BadAdditionOverflowCheck.ql",
  "/home/jefferson/.local/share/s-core-tools/codeql-2.21.4/codeql/qlpacks/codeql/cpp-queries/1.4.1/Likely Bugs/Arithmetic/SignedOverflowCheck.ql",
  "/home/jefferson/.local/share/s-core-tools/codeql-2.21.4/codeql/qlpacks/codeql/cpp-queries/1.4.1/Likely Bugs/Arithmetic/BitwiseSignCheck.ql",
  "/home/jefferson/.local/share/s-core-tools/codeql-2.21.4/codeql/qlpacks/codeql/cpp-queries/1.4.1/Likely Bugs/RedundantNullCheckSimple.ql",
  "/home/jefferson/.local/share/s-core-tools/codeql-2.21.4/codeql/qlpacks/codeql/cpp-queries/1.4.1/Likely Bugs/ReturnConstType.ql",
  "/home/jefferson/.local/share/s-core-tools/codeql-2.21.4/codeql/qlpacks/codeql/cpp-queries/1.4.1/Likely Bugs/Likely Typos/UsingStrcpyAsBoolean.ql",
  "/home/jefferson/.local/share/s-core-tools/codeql-2.21.4/codeql/qlpacks/codeql/cpp-queries/1.4.1/Likely Bugs/Likely Typos/CompareWhereAssignMeant.ql",
  "/home/jefferson/.local/share/s-core-tools/codeql-2.21.4/codeql/qlpacks/codeql/cpp-queries/1.4.1/Likely Bugs/Likely Typos/ExprHasNoEffect.ql",
  "/home/jefferson/.local/share/s-core-tools/codeql-2.21.4/codeql/qlpacks/codeql/cpp-queries/1.4.1/Likely Bugs/Likely Typos/ShortCircuitBitMask.ql",
  "/home/jefferson/.local/share/s-core-tools/codeql-2.21.4/codeql/qlpacks/codeql/cpp-queries/1.4.1/Likely Bugs/Likely Typos/inconsistentLoopDirection.ql",
  "/home/jefferson/.local/share/s-core-tools/codeql-2.21.4/codeql/qlpacks/codeql/cpp-queries/1.4.1/Likely Bugs/Likely Typos/AssignWhereCompareMeant.ql",
  "/home/jefferson/.local/share/s-core-tools/codeql-2.21.4/codeql/qlpacks/codeql/cpp-queries/1.4.1/Likely Bugs/Likely Typos/FutileConditional.ql",
  "/home/jefferson/.local/share/s-core-tools/codeql-2.21.4/codeql/qlpacks/codeql/cpp-queries/1.4.1/Likely Bugs/Likely Typos/DubiousNullCheck.ql",
  "/home/jefferson/.local/share/s-core-tools/codeql-2.21.4/codeql/qlpacks/codeql/cpp-queries/1.4.1/Likely Bugs/OO/IncorrectConstructorDelegation.ql",
  "/home/jefferson/.local/share/s-core-tools/codeql-2.21.4/codeql/qlpacks/codeql/cpp-queries/1.4.1/Likely Bugs/OO/UnsafeUseOfThis.ql",
  "/home/jefferson/.local/share/s-core-tools/codeql-2.21.4/codeql/qlpacks/codeql/cpp-queries/1.4.1/Likely Bugs/OO/ThrowInDestructor.ql",
  "/home/jefferson/.local/share/s-core-tools/codeql-2.21.4/codeql/qlpacks/codeql/cpp-queries/1.4.1/Likely Bugs/OO/NonVirtualDestructorInBaseClass.ql",
  "/home/jefferson/.local/share/s-core-tools/codeql-2.21.4/codeql/qlpacks/codeql/cpp-queries/1.4.1/Likely Bugs/Format/WrongNumberOfFormatArguments.ql",
  "/home/jefferson/.local/share/s-core-tools/codeql-2.21.4/codeql/qlpacks/codeql/cpp-queries/1.4.1/Likely Bugs/Format/WrongTypeFormatArguments.ql",
  "/home/jefferson/.local/share/s-core-tools/codeql-2.21.4/codeql/qlpacks/codeql/cpp-queries/1.4.1/Likely Bugs/Format/NonConstantFormat.ql",
  "/home/jefferson/.local/share/s-core-tools/codeql-2.21.4/codeql/qlpacks/codeql/cpp-queries/1.4.1/Likely Bugs/Format/SnprintfOverflow.ql",
  "/home/jefferson/.local/share/s-core-tools/codeql-2.21.4/codeql/qlpacks/codeql/cpp-queries/1.4.1/Likely Bugs/Format/TooManyFormatArguments.ql",
  "/home/jefferson/.local/share/s-core-tools/codeql-2.21.4/codeql/qlpacks/codeql/cpp-queries/1.4.1/Likely Bugs/AmbiguouslySignedBitField.ql",
  "/home/jefferson/.local/share/s-core-tools/codeql-2.21.4/codeql/qlpacks/codeql/cpp-queries/1.4.1/Likely Bugs/Underspecified Functions/TooManyArguments.ql",
  "/home/jefferson/.local/share/s-core-tools/codeql-2.21.4/codeql/qlpacks/codeql/cpp-queries/1.4.1/Likely Bugs/Underspecified Functions/ImplicitFunctionDeclaration.ql",
  "/home/jefferson/.local/share/s-core-tools/codeql-2.21.4/codeql/qlpacks/codeql/cpp-queries/1.4.1/Likely Bugs/Underspecified Functions/TooFewArguments.ql",
  "/home/jefferson/.local/share/s-core-tools/codeql-2.21.4/codeql/qlpacks/codeql/cpp-queries/1.4.1/Likely Bugs/Memory Management/ReturnStackAllocatedMemory.ql",
  "/home/jefferson/.local/share/s-core-tools/codeql-2.21.4/codeql/qlpacks/codeql/cpp-queries/1.4.1/Likely Bugs/Memory Management/SuspiciousCallToStrncat.ql",
  "/home/jefferson/.local/share/s-core-tools/codeql-2.21.4/codeql/qlpacks/codeql/cpp-queries/1.4.1/Likely Bugs/Memory Management/PointerOverflow.ql",
  "/home/jefferson/.local/share/s-core-tools/codeql-2.21.4/codeql/qlpacks/codeql/cpp-queries/1.4.1/Likely Bugs/Memory Management/UsingExpiredStackAddress.ql",
  "/home/jefferson/.local/share/s-core-tools/codeql-2.21.4/codeql/qlpacks/codeql/cpp-queries/1.4.1/Likely Bugs/Memory Management/ReturnCstrOfLocalStdString.ql",
  "/home/jefferson/.local/share/s-core-tools/codeql-2.21.4/codeql/qlpacks/codeql/cpp-queries/1.4.1/Likely Bugs/Memory Management/AllocaInLoop.ql",
  "/home/jefferson/.local/share/s-core-tools/codeql-2.21.4/codeql/qlpacks/codeql/cpp-queries/1.4.1/Likely Bugs/UseInOwnInitializer.ql",
  "/home/jefferson/.local/share/s-core-tools/codeql-2.21.4/codeql/qlpacks/codeql/cpp-queries/1.4.1/Likely Bugs/ReturnConstTypeMember.ql",
  "/home/jefferson/.local/share/s-core-tools/codeql-2.21.4/codeql/qlpacks/codeql/cpp-queries/1.4.1/Best Practices/Unused Entities/UnusedLocals.ql",
  "/home/jefferson/.local/share/s-core-tools/codeql-2.21.4/codeql/qlpacks/codeql/cpp-queries/1.4.1/Best Practices/Unused Entities/UnusedStaticFunctions.ql",
  "/home/jefferson/.local/share/s-core-tools/codeql-2.21.4/codeql/qlpacks/codeql/cpp-queries/1.4.1/Best Practices/Unused Entities/UnusedStaticVariables.ql",
  "/home/jefferson/.local/share/s-core-tools/codeql-2.21.4/codeql/qlpacks/codeql/cpp-queries/1.4.1/Best Practices/BlockWithTooManyStatements.ql",
  "/home/jefferson/.local/share/s-core-tools/codeql-2.21.4/codeql/qlpacks/codeql/cpp-queries/1.4.1/Best Practices/SwitchLongCase.ql",
  "/home/jefferson/.local/share/s-core-tools/codeql-2.21.4/codeql/qlpacks/codeql/cpp-queries/1.4.1/Best Practices/GuardedFree.ql",
  "/home/jefferson/.local/share/s-core-tools/codeql-2.21.4/codeql/qlpacks/codeql/cpp-queries/1.4.1/Best Practices/UseOfGoto.ql",
  "/home/jefferson/.local/share/s-core-tools/codeql-2.21.4/codeql/qlpacks/codeql/cpp-queries/1.4.1/Best Practices/Likely Errors/Slicing.ql",
  "/home/jefferson/.local/share/s-core-tools/codeql-2.21.4/codeql/qlpacks/codeql/cpp-queries/1.4.1/Best Practices/Likely Errors/EmptyBlock.ql",
  "/home/jefferson/.local/share/s-core-tools/codeql-2.21.4/codeql/qlpacks/codeql/cpp-queries/1.4.1/Best Practices/ComplexCondition.ql",
  "/home/jefferson/.local/share/s-core-tools/codeql-2.21.4/codeql/qlpacks/codeql/cpp-queries/1.4.1/Best Practices/RuleOfTwo.ql",
  "/home/jefferson/.local/share/s-core-tools/codeql-2.21.4/codeql/qlpacks/codeql/cpp-queries/1.4.1/Best Practices/Exceptions/LeakyCatch.ql",
  "/home/jefferson/.local/share/s-core-tools/codeql-2.21.4/codeql/qlpacks/codeql/cpp-queries/1.4.1/Best Practices/Exceptions/CatchingByValue.ql",
  "/home/jefferson/.local/share/s-core-tools/codeql-2.21.4/codeql/qlpacks/codeql/cpp-queries/1.4.1/Best Practices/Exceptions/AccidentalRethrow.ql",
  "/home/jefferson/.local/share/s-core-tools/codeql-2.21.4/codeql/qlpacks/codeql/cpp-queries/1.4.1/Best Practices/Exceptions/ThrowingPointers.ql",
  "/home/jefferson/.local/share/s-core-tools/codeql-2.21.4/codeql/qlpacks/codeql/cpp-queries/1.4.1/Best Practices/Hiding/LocalVariableHidesGlobalVariable.ql",
  "/home/jefferson/.local/share/s-core-tools/codeql-2.21.4/codeql/qlpacks/codeql/cpp-queries/1.4.1/Best Practices/Hiding/DeclarationHidesVariable.ql",
  "/home/jefferson/.local/share/s-core-tools/codeql-2.21.4/codeql/qlpacks/codeql/cpp-queries/1.4.1/Best Practices/Hiding/DeclarationHidesParameter.ql",
  "/home/jefferson/.local/share/s-core-tools/codeql-2.21.4/codeql/qlpacks/codeql/cpp-queries/1.4.1/Best Practices/SloppyGlobal.ql",
  "/home/jefferson/.local/share/s-core-tools/codeql-2.21.4/codeql/qlpacks/codeql/cpp-queries/1.4.1/jsf/4.16 Initialization/AV Rule 145.ql",
  "/home/jefferson/.local/share/s-core-tools/codeql-2.21.4/codeql/qlpacks/codeql/cpp-queries/1.4.1/jsf/4.13 Functions/AV Rule 114.ql",
  "/home/jefferson/.local/share/s-core-tools/codeql-2.21.4/codeql/qlpacks/codeql/cpp-queries/1.4.1/jsf/4.13 Functions/AV Rule 107.ql",
  "/home/jefferson/.local/share/s-core-tools/codeql-2.21.4/codeql/qlpacks/codeql/cpp-queries/1.4.1/jsf/4.06 Pre-Processing Directives/AV Rule 32.ql",
  "/home/jefferson/.local/share/s-core-tools/codeql-2.21.4/codeql/qlpacks/codeql/cpp-queries/1.4.1/jsf/4.10 Classes/AV Rule 71.1.ql",
  "/home/jefferson/.local/share/s-core-tools/codeql-2.21.4/codeql/qlpacks/codeql/cpp-queries/1.4.1/jsf/4.10 Classes/AV Rule 88.ql",
  "/home/jefferson/.local/share/s-core-tools/codeql-2.21.4/codeql/qlpacks/codeql/cpp-queries/1.4.1/jsf/4.10 Classes/AV Rule 82.ql",
  "/home/jefferson/.local/share/s-core-tools/codeql-2.21.4/codeql/qlpacks/codeql/cpp-queries/1.4.1/jsf/4.10 Classes/AV Rule 95.ql",
  "/home/jefferson/.local/share/s-core-tools/codeql-2.21.4/codeql/qlpacks/codeql/cpp-queries/1.4.1/jsf/4.10 Classes/AV Rule 79.ql",
  "/home/jefferson/.local/share/s-core-tools/codeql-2.21.4/codeql/qlpacks/codeql/cpp-queries/1.4.1/jsf/4.10 Classes/AV Rule 89.ql",
  "/home/jefferson/.local/share/s-core-tools/codeql-2.21.4/codeql/qlpacks/codeql/cpp-queries/1.4.1/jsf/4.10 Classes/AV Rule 97.ql",
  "/home/jefferson/.local/share/s-core-tools/codeql-2.21.4/codeql/qlpacks/codeql/cpp-queries/1.4.1/jsf/4.24 Control Flow Structures/AV Rule 196.ql",
  "/home/jefferson/.local/share/s-core-tools/codeql-2.21.4/codeql/qlpacks/codeql/cpp-queries/1.4.1/jsf/4.24 Control Flow Structures/AV Rule 197.ql",
  "/home/jefferson/.local/share/s-core-tools/codeql-2.21.4/codeql/qlpacks/codeql/cpp-queries/1.4.1/jsf/4.24 Control Flow Structures/AV Rule 201.ql",
  "/home/jefferson/.local/share/s-core-tools/codeql-2.21.4/codeql/qlpacks/codeql/cpp-queries/1.4.1/jsf/4.07 Header Files/AV Rule 35.ql",
  "/home/jefferson/.local/share/s-core-tools/codeql-2.21.4/codeql/qlpacks/codeql/cpp-queries/1.4.1/jsf/4.21 Operators/AV Rule 166.ql",
  "/home/jefferson/.local/share/s-core-tools/codeql-2.21.4/codeql/qlpacks/codeql/cpp-queries/1.4.1/Security/CWE/CWE-732/OpenCallMissingModeArgument.ql",
  "/home/jefferson/.local/share/s-core-tools/codeql-2.21.4/codeql/qlpacks/codeql/cpp-queries/1.4.1/Security/CWE/CWE-732/UnsafeDaclSecurityDescriptor.ql",
  "/home/jefferson/.local/share/s-core-tools/codeql-2.21.4/codeql/qlpacks/codeql/cpp-queries/1.4.1/Security/CWE/CWE-120/VeryLikelyOverrunWrite.ql",
  "/home/jefferson/.local/share/s-core-tools/codeql-2.21.4/codeql/qlpacks/codeql/cpp-queries/1.4.1/Security/CWE/CWE-120/BadlyBoundedWrite.ql",
  "/home/jefferson/.local/share/s-core-tools/codeql-2.21.4/codeql/qlpacks/codeql/cpp-queries/1.4.1/Security/CWE/CWE-134/UncontrolledFormatString.ql",
  "/home/jefferson/.local/share/s-core-tools/codeql-2.21.4/codeql/qlpacks/codeql/cpp-queries/1.4.1/Security/CWE/CWE-191/UnsignedDifferenceExpressionComparedZero.ql",
  "/home/jefferson/.local/share/s-core-tools/codeql-2.21.4/codeql/qlpacks/codeql/cpp-queries/1.4.1/Security/CWE/CWE-327/BrokenCryptoAlgorithm.ql",
  "/home/jefferson/.local/share/s-core-tools/codeql-2.21.4/codeql/qlpacks/codeql/cpp-queries/1.4.1/Security/CWE/CWE-327/OpenSslHeartbleed.ql",
  "/home/jefferson/.local/share/s-core-tools/codeql-2.21.4/codeql/qlpacks/codeql/cpp-queries/1.4.1/Security/CWE/CWE-367/TOCTOUFilesystemRace.ql",
  "/home/jefferson/.local/share/s-core-tools/codeql-2.21.4/codeql/qlpacks/codeql/cpp-queries/1.4.1/Security/CWE/CWE-131/NoSpaceForZeroTerminator.ql",
  "/home/jefferson/.local/share/s-core-tools/codeql-2.21.4/codeql/qlpacks/codeql/cpp-queries/1.4.1/Security/CWE/CWE-416/UseOfStringAfterLifetimeEnds.ql",
  "/home/jefferson/.local/share/s-core-tools/codeql-2.21.4/codeql/qlpacks/codeql/cpp-queries/1.4.1/Security/CWE/CWE-416/IteratorToExpiredContainer.ql",
  "/home/jefferson/.local/share/s-core-tools/codeql-2.21.4/codeql/qlpacks/codeql/cpp-queries/1.4.1/Security/CWE/CWE-416/UseOfUniquePointerAfterLifetimeEnds.ql",
  "/home/jefferson/.local/share/s-core-tools/codeql-2.21.4/codeql/qlpacks/codeql/cpp-queries/1.4.1/Security/CWE/CWE-014/MemsetMayBeDeleted.ql",
  "/home/jefferson/.local/share/s-core-tools/codeql-2.21.4/codeql/qlpacks/codeql/cpp-queries/1.4.1/Security/CWE/CWE-326/InsufficientKeySize.ql",
  "/home/jefferson/.local/share/s-core-tools/codeql-2.21.4/codeql/qlpacks/codeql/cpp-queries/1.4.1/Security/CWE/CWE-704/WcharCharConversion.ql",
  "/home/jefferson/.local/share/s-core-tools/codeql-2.21.4/codeql/qlpacks/codeql/cpp-queries/1.4.1/Security/CWE/CWE-468/SuspiciousAddWithSizeof.ql",
  "/home/jefferson/.local/share/s-core-tools/codeql-2.21.4/codeql/qlpacks/codeql/cpp-queries/1.4.1/Security/CWE/CWE-611/XXE.ql",
  "/home/jefferson/.local/share/s-core-tools/codeql-2.21.4/codeql/qlpacks/codeql/cpp-queries/1.4.1/Security/CWE/CWE-078/ExecTainted.ql",
  "/home/jefferson/.local/share/s-core-tools/codeql-2.21.4/codeql/qlpacks/codeql/cpp-queries/1.4.1/Security/CWE/CWE-311/CleartextTransmission.ql",
  "/home/jefferson/.local/share/s-core-tools/codeql-2.21.4/codeql/qlpacks/codeql/cpp-queries/1.4.1/Security/CWE/CWE-311/CleartextFileWrite.ql",
  "/home/jefferson/.local/share/s-core-tools/codeql-2.21.4/codeql/qlpacks/codeql/cpp-queries/1.4.1/Security/CWE/CWE-676/DangerousFunctionOverflow.ql",
  "/home/jefferson/.local/share/s-core-tools/codeql-2.21.4/codeql/qlpacks/codeql/cpp-queries/1.4.1/Security/CWE/CWE-676/DangerousUseOfCin.ql",
  "/home/jefferson/.local/share/s-core-tools/codeql-2.21.4/codeql/qlpacks/codeql/cpp-queries/1.4.1/Security/CWE/CWE-079/CgiXss.ql",
  "/home/jefferson/.local/share/s-core-tools/codeql-2.21.4/codeql/qlpacks/codeql/cpp-queries/1.4.1/Security/CWE/CWE-253/HResultBooleanConversion.ql",
  "/home/jefferson/.local/share/s-core-tools/codeql-2.21.4/codeql/qlpacks/codeql/cpp-queries/1.4.1/Security/CWE/CWE-190/ComparisonWithWiderType.ql",
  "/home/jefferson/.local/share/s-core-tools/codeql-2.21.4/codeql/qlpacks/codeql/cpp-queries/1.4.1/Security/CWE/CWE-190/ArithmeticUncontrolled.ql",
  "/home/jefferson/.local/share/s-core-tools/codeql-2.21.4/codeql/qlpacks/codeql/cpp-queries/1.4.1/Security/CWE/CWE-089/SqlTainted.ql",
  "/home/jefferson/.local/share/s-core-tools/codeql-2.21.4/codeql/qlpacks/codeql/cpp-queries/1.4.1/Security/CWE/CWE-319/UseOfHttp.ql",
  "/home/jefferson/.local/share/s-core-tools/codeql-2.21.4/codeql/qlpacks/codeql/cpp-queries/1.4.1/Security/CWE/CWE-497/ExposedSystemData.ql",
  "/home/jefferson/.local/share/s-core-tools/codeql-2.21.4/codeql/qlpacks/codeql/cpp-queries/1.4.1/Documentation/UncommentedFunction.ql",
  "/home/jefferson/.local/share/s-core-tools/codeql-2.21.4/codeql/qlpacks/codeql/cpp-queries/1.4.1/Critical/SizeCheck2.ql",
  "/home/jefferson/.local/share/s-core-tools/codeql-2.21.4/codeql/qlpacks/codeql/cpp-queries/1.4.1/Critical/SizeCheck.ql",
  "/home/jefferson/.local/share/s-core-tools/codeql-2.21.4/codeql/qlpacks/codeql/cpp-queries/1.4.1/Critical/MissingCheckScanf.ql",
  "/home/jefferson/.local/share/s-core-tools/codeql-2.21.4/codeql/qlpacks/codeql/cpp-queries/1.4.1/Likely Bugs/InconsistentCallOnResult.ql",
  "/home/jefferson/.local/share/s-core-tools/codeql-2.21.4/codeql/qlpacks/codeql/cpp-queries/1.4.1/Likely Bugs/Conversion/LossyFunctionResultCast.ql",
  "/home/jefferson/.local/share/s-core-tools/codeql-2.21.4/codeql/qlpacks/codeql/cpp-queries/1.4.1/Likely Bugs/Arithmetic/BadCheckOdd.ql",
  "/home/jefferson/.local/share/s-core-tools/codeql-2.21.4/codeql/qlpacks/codeql/cpp-queries/1.4.1/Likely Bugs/Likely Typos/MissingEnumCaseInSwitch.ql",
  "/home/jefferson/.local/share/s-core-tools/codeql-2.21.4/codeql/qlpacks/codeql/cpp-queries/1.4.1/Likely Bugs/Likely Typos/IncorrectNotOperatorUsage.ql",
  "/home/jefferson/.local/share/s-core-tools/codeql-2.21.4/codeql/qlpacks/codeql/cpp-queries/1.4.1/Likely Bugs/InconsistentCheckReturnNull.ql",
  "/home/jefferson/.local/share/s-core-tools/codeql-2.21.4/codeql/qlpacks/codeql/cpp-queries/1.4.1/Likely Bugs/Leap Year/UncheckedReturnValueForTimeFunctions.ql",
  "/home/jefferson/.local/share/s-core-tools/codeql-2.21.4/codeql/qlpacks/codeql/cpp-queries/1.4.1/Likely Bugs/Leap Year/UncheckedLeapYearAfterYearModification.ql",
  "/home/jefferson/.local/share/s-core-tools/codeql-2.21.4/codeql/qlpacks/codeql/cpp-queries/1.4.1/Likely Bugs/Leap Year/Adding365DaysPerYear.ql",
  "/home/jefferson/.local/share/s-core-tools/codeql-2.21.4/codeql/qlpacks/codeql/cpp-queries/1.4.1/Likely Bugs/Underspecified Functions/MistypedFunctionArguments.ql",
  "/home/jefferson/.local/share/s-core-tools/codeql-2.21.4/codeql/qlpacks/codeql/cpp-queries/1.4.1/Likely Bugs/Memory Management/StrncpyFlippedArgs.ql",
  "/home/jefferson/.local/share/s-core-tools/codeql-2.21.4/codeql/qlpacks/codeql/cpp-queries/1.4.1/Likely Bugs/Memory Management/UnsafeUseOfStrcat.ql",
  "/home/jefferson/.local/share/s-core-tools/codeql-2.21.4/codeql/qlpacks/codeql/cpp-queries/1.4.1/Likely Bugs/Memory Management/UninitializedLocal.ql",
  "/home/jefferson/.local/share/s-core-tools/codeql-2.21.4/codeql/qlpacks/codeql/cpp-queries/1.4.1/Likely Bugs/Memory Management/SuspiciousSizeof.ql",
  "/home/jefferson/.local/share/s-core-tools/codeql-2.21.4/codeql/qlpacks/codeql/cpp-queries/1.4.1/Likely Bugs/Memory Management/StackAddressEscapes.ql",
  "/home/jefferson/.local/share/s-core-tools/codeql-2.21.4/codeql/qlpacks/codeql/cpp-queries/1.4.1/Likely Bugs/NestedLoopSameVar.ql",
  "/home/jefferson/.local/share/s-core-tools/codeql-2.21.4/codeql/qlpacks/codeql/cpp-queries/1.4.1/Likely Bugs/Protocols/UseOfDeprecatedHardcodedProtocol.ql",
  "/home/jefferson/.local/share/s-core-tools/codeql-2.21.4/codeql/qlpacks/codeql/cpp-queries/1.4.1/Likely Bugs/Protocols/TlsSettingsMisconfiguration.ql",
  "/home/jefferson/.local/share/s-core-tools/codeql-2.21.4/codeql/qlpacks/codeql/cpp-queries/1.4.1/Best Practices/Likely Errors/CommaBeforeMisleadingIndentation.ql",
  "/home/jefferson/.local/share/s-core-tools/codeql-2.21.4/codeql/qlpacks/codeql/cpp-queries/1.4.1/Best Practices/Likely Errors/OffsetUseBeforeRangeCheck.ql",
  "/home/jefferson/.local/share/s-core-tools/codeql-2.21.4/codeql/qlpacks/codeql/cpp-queries/1.4.1/jsf/4.17 Types/AV Rule 148.ql",
  "/home/jefferson/.local/share/s-core-tools/codeql-2.21.4/codeql/qlpacks/codeql/cpp-queries/1.4.1/Security/CWE/CWE-313/CleartextSqliteDatabase.ql",
  "/home/jefferson/.local/share/s-core-tools/codeql-2.21.4/codeql/qlpacks/codeql/cpp-queries/1.4.1/Security/CWE/CWE-114/UncontrolledProcessOperation.ql",
  "/home/jefferson/.local/share/s-core-tools/codeql-2.21.4/codeql/qlpacks/codeql/cpp-queries/1.4.1/Security/CWE/CWE-022/TaintedPath.ql",
  "/home/jefferson/.local/share/s-core-tools/codeql-2.21.4/codeql/qlpacks/codeql/cpp-queries/1.4.1/Security/CWE/CWE-732/DoNotCreateWorldWritable.ql",
  "/home/jefferson/.local/share/s-core-tools/codeql-2.21.4/codeql/qlpacks/codeql/cpp-queries/1.4.1/Security/CWE/CWE-120/OverrunWrite.ql",
  "/home/jefferson/.local/share/s-core-tools/codeql-2.21.4/codeql/qlpacks/codeql/cpp-queries/1.4.1/Security/CWE/CWE-120/UnboundedWrite.ql",
  "/home/jefferson/.local/share/s-core-tools/codeql-2.21.4/codeql/qlpacks/codeql/cpp-queries/1.4.1/Security/CWE/CWE-120/OverrunWriteFloat.ql",
  "/home/jefferson/.local/share/s-core-tools/codeql-2.21.4/codeql/qlpacks/codeql/cpp-queries/1.4.1/Security/CWE/CWE-807/TaintedCondition.ql",
  "/home/jefferson/.local/share/s-core-tools/codeql-2.21.4/codeql/qlpacks/codeql/cpp-queries/1.4.1/Security/CWE/CWE-193/InvalidPointerDeref.ql",
  "/home/jefferson/.local/share/s-core-tools/codeql-2.21.4/codeql/qlpacks/codeql/cpp-queries/1.4.1/Security/CWE/CWE-290/AuthenticationBypass.ql",
  "/home/jefferson/.local/share/s-core-tools/codeql-2.21.4/codeql/qlpacks/codeql/cpp-queries/1.4.1/Security/CWE/CWE-121/UnterminatedVarargsCall.ql",
  "/home/jefferson/.local/share/s-core-tools/codeql-2.21.4/codeql/qlpacks/codeql/cpp-queries/1.4.1/Security/CWE/CWE-295/SSLResultNotChecked.ql",
  "/home/jefferson/.local/share/s-core-tools/codeql-2.21.4/codeql/qlpacks/codeql/cpp-queries/1.4.1/Security/CWE/CWE-295/SSLResultConflation.ql",
  "/home/jefferson/.local/share/s-core-tools/codeql-2.21.4/codeql/qlpacks/codeql/cpp-queries/1.4.1/Security/CWE/CWE-119/OverrunWriteProductFlow.ql",
  "/home/jefferson/.local/share/s-core-tools/codeql-2.21.4/codeql/qlpacks/codeql/cpp-queries/1.4.1/Security/CWE/CWE-119/OverflowBuffer.ql",
  "/home/jefferson/.local/share/s-core-tools/codeql-2.21.4/codeql/qlpacks/codeql/cpp-queries/1.4.1/Security/CWE/CWE-843/TypeConfusion.ql",
  "/home/jefferson/.local/share/s-core-tools/codeql-2.21.4/codeql/qlpacks/codeql/cpp-queries/1.4.1/Security/CWE/CWE-468/IncorrectPointerScaling.ql",
  "/home/jefferson/.local/share/s-core-tools/codeql-2.21.4/codeql/qlpacks/codeql/cpp-queries/1.4.1/Security/CWE/CWE-468/IncorrectPointerScalingVoid.ql",
  "/home/jefferson/.local/share/s-core-tools/codeql-2.21.4/codeql/qlpacks/codeql/cpp-queries/1.4.1/Security/CWE/CWE-311/CleartextBufferWrite.ql",
  "/home/jefferson/.local/share/s-core-tools/codeql-2.21.4/codeql/qlpacks/codeql/cpp-queries/1.4.1/Security/CWE/CWE-570/IncorrectAllocationErrorHandling.ql",
  "/home/jefferson/.local/share/s-core-tools/codeql-2.21.4/codeql/qlpacks/codeql/cpp-queries/1.4.1/Security/CWE/CWE-676/PotentiallyDangerousFunction.ql",
  "/home/jefferson/.local/share/s-core-tools/codeql-2.21.4/codeql/qlpacks/codeql/cpp-queries/1.4.1/Security/CWE/CWE-190/TaintedAllocationSize.ql",
  "/home/jefferson/.local/share/s-core-tools/codeql-2.21.4/codeql/qlpacks/codeql/cpp-queries/1.4.1/Security/CWE/CWE-428/UnsafeCreateProcessCall.ql",
  "/home/jefferson/.local/share/s-core-tools/codeql-2.21.4/codeql/qlpacks/codeql/cpp-queries/1.4.1/Security/CWE/CWE-497/PotentiallyExposedSystemData.ql",
  "/home/jefferson/.local/share/s-core-tools/codeql-2.21.4/codeql/qlpacks/codeql/cpp-queries/1.4.1/Diagnostics/ExtractionWarnings.ql",
  "/home/jefferson/.local/share/s-core-tools/codeql-2.21.4/codeql/qlpacks/codeql/cpp-queries/1.4.1/Diagnostics/ExtractedFiles.ql",
  "/home/jefferson/.local/share/s-core-tools/codeql-2.21.4/codeql/qlpacks/codeql/cpp-queries/1.4.1/Diagnostics/FailedExtractorInvocations.ql",
  "/home/jefferson/.local/share/s-core-tools/codeql-2.21.4/codeql/qlpacks/codeql/cpp-queries/1.4.1/Summary/LinesOfCode.ql",
  "/home/jefferson/.local/share/s-core-tools/codeql-2.21.4/codeql/qlpacks/codeql/cpp-queries/1.4.1/Summary/LinesOfUserCode.ql",
  "/home/jefferson/.local/share/s-core-tools/codeql-2.21.4/codeql/qlpacks/codeql/cpp-queries/1.4.1/Telemetry/MissingIncludes.ql",
  "/home/jefferson/.local/share/s-core-tools/codeql-2.21.4/codeql/qlpacks/codeql/cpp-queries/1.4.1/Telemetry/ExtractionMetrics.ql",
  "/home/jefferson/.local/share/s-core-tools/codeql-2.21.4/codeql/qlpacks/codeql/cpp-queries/1.4.1/Telemetry/CompilerErrors.ql",
  "/home/jefferson/.local/share/s-core-tools/codeql-2.21.4/codeql/qlpacks/codeql/cpp-queries/1.4.1/Telemetry/SucceededIncludes.ql",
  "/home/jefferson/.local/share/s-core-tools/codeql-2.21.4/codeql/qlpacks/codeql/cpp-queries/1.4.1/Telemetry/DatabaseQuality.ql"
]
