2026-10-01T14:50:35.469486Z  INFO fabro_server::server: Slack integration disabled by server configuration
2026-10-01T14:50:35.475774Z  INFO fabro_server::serve: API server started bind=127.0.0.1:43913
Fabro server listening on 127.0.0.1:43913
2026-10-01T14:50:35.701137Z  INFO fabro_server::server: HTTP response method=GET path=/api/v1/runs status=200 latency_ms=12 request_id=2cdc5867-125f-4b22-9ca0-b95ba77161a4 principal_kind="user" auth_status="authenticated" user_auth_method="dev_token" idp_issuer="fabro:dev" idp_subject="dev" login="dev"
2026-10-01T14:50:35.930532Z  INFO fabro_server::server: HTTP response method=POST path=/api/v1/workflow-versions status=201 latency_ms=19 request_id=c166d37c-72fa-41ab-b4da-6e4d6c663b39 principal_kind="user" auth_status="authenticated" user_auth_method="dev_token" idp_issuer="fabro:dev" idp_subject="dev" login="dev"
2026-10-01T14:50:35.998449Z  INFO fabro_server::server::handler::runs: Run created from intent run_id=01M3VZ48HZGTB0JAFTZ6MP9H37
2026-10-01T14:50:36.017087Z  INFO fabro_server::server: HTTP response method=POST path=/api/v1/runs status=201 latency_ms=64 request_id=69369289-165c-4862-9dbf-c3be588ed840 principal_kind="user" auth_status="authenticated" user_auth_method="dev_token" idp_issuer="fabro:dev" idp_subject="dev" login="dev"
2026-10-01T14:50:36.063521Z  INFO fabro_server::server: HTTP response method=GET path=/api/v1/runs/01M3VZ48HZGTB0JAFTZ6MP9H37 status=200 latency_ms=24 request_id=8be9ae6d-903f-4677-8dfb-f2478e5504c0 principal_kind="user" auth_status="authenticated" user_auth_method="dev_token" idp_issuer="fabro:dev" idp_subject="dev" login="dev"
2026-10-01T14:50:36.099750Z  INFO fabro_server::server: HTTP response method=POST path=/api/v1/runs/01M3VZ48HZGTB0JAFTZ6MP9H37/start status=200 latency_ms=34 request_id=0ecee611-33af-4e81-9bf5-d3072dcbe654 principal_kind="user" auth_status="authenticated" user_auth_method="dev_token" idp_issuer="fabro:dev" idp_subject="dev" login="dev"
2026-10-01T14:50:36.105745Z  INFO fabro_server::server: HTTP response method=GET path=/api/v1/runs/01M3VZ48HZGTB0JAFTZ6MP9H37/state status=200 latency_ms=1 request_id=2ed60c8f-dd34-4c55-bb97-f232e65f8a57 principal_kind="worker" auth_status="authenticated" run_id="01M3VZ48HZGTB0JAFTZ6MP9H37"
2026-10-01T14:50:36.107156Z  INFO run{id=01M3VZ48HZGTB0JAFTZ6MP9H37}: fabro::commands::run::petri_worker: Petri worker starting; every lease of this run names this launch run_id=01M3VZ48HZGTB0JAFTZ6MP9H37 owner=18da6f5a736820ca-3291986-0-bfbbdaeae980 mode=Start
2026-10-01T14:50:36.109209Z  INFO fabro_server::server: HTTP response method=GET path=/api/v1/runs/01M3VZ48HZGTB0JAFTZ6MP9H37/worker/control-stream status=101 latency_ms=0 request_id=3f754f03-3de7-41e7-ac38-a007da34dead principal_kind="worker" auth_status="authenticated" run_id="01M3VZ48HZGTB0JAFTZ6MP9H37"
2026-10-01T14:50:36.114049Z  INFO run{id=01M3VZ48HZGTB0JAFTZ6MP9H37}: fabro::commands::run::petri_worker: Fabro's run tools are not registered on this Petri run run_id=01M3VZ48HZGTB0JAFTZ6MP9H37 enabled=false scoped=false
2026-10-01T14:50:36.129879Z  INFO fabro_server::server: HTTP response method=GET path=/api/v1/runs/resolve status=401 latency_ms=0 request_id=1e5e268a-959b-4699-8609-57e66f4ac6de principal_kind="none" auth_status="missing"
2026-10-01T14:50:36.131487Z  INFO fabro_server::server: HTTP response method=GET path=/api/v1/runs/01M3VZ48HZGTB0JAFTZ6MP9H37/blobs/610b76f4141cdb5d2162b707b62c85dbe4892ead90c2a842625adc3c5c1842cb status=200 latency_ms=1 request_id=a1b4b06a-c9aa-492d-94b8-a389ddcdd9a7 principal_kind="worker" auth_status="authenticated" run_id="01M3VZ48HZGTB0JAFTZ6MP9H37"
2026-10-01T14:50:36.133687Z  INFO fabro_server::server: HTTP response method=POST path=/api/v1/runs/01M3VZ48HZGTB0JAFTZ6MP9H37/petri/platform-records status=200 latency_ms=0 request_id=1a8f355f-ad47-4e6c-baa6-864885ae9717 principal_kind="worker" auth_status="authenticated" run_id="01M3VZ48HZGTB0JAFTZ6MP9H37"
2026-10-01T14:50:36.134643Z  INFO fabro_server::server: HTTP response method=POST path=/api/v1/runs/01M3VZ48HZGTB0JAFTZ6MP9H37/petri/platform-records status=200 latency_ms=0 request_id=d6358d6c-34b9-470d-9528-20d17300a289 principal_kind="worker" auth_status="authenticated" run_id="01M3VZ48HZGTB0JAFTZ6MP9H37"
2026-10-01T14:50:36.135017Z  INFO run{id=01M3VZ48HZGTB0JAFTZ6MP9H37}: fabro_petri::engine: Starting Petri run run_id=01M3VZ48HZGTB0JAFTZ6MP9H37 backend=host
2026-10-01T14:50:36.136777Z  INFO fabro_server::server: HTTP response method=POST path=/api/v1/runs/01M3VZ48HZGTB0JAFTZ6MP9H37/petri/open status=200 latency_ms=1 request_id=4098ef67-d6c7-4be7-94ef-ecf25e434867 principal_kind="worker" auth_status="authenticated" run_id="01M3VZ48HZGTB0JAFTZ6MP9H37"
2026-10-01T14:50:36.137837Z  INFO fabro_server::server: HTTP response method=POST path=/api/v1/runs/01M3VZ48HZGTB0JAFTZ6MP9H37/petri/logs/coordinator/records status=204 latency_ms=0 request_id=80834ac7-a4b4-494c-81df-b229e1732946 principal_kind="worker" auth_status="authenticated" run_id="01M3VZ48HZGTB0JAFTZ6MP9H37"
2026-10-01T14:50:36.138545Z  INFO fabro_server::server: HTTP response method=GET path=/api/v1/runs/01M3VZ48HZGTB0JAFTZ6MP9H37/petri/logs/resources/records status=200 latency_ms=0 request_id=78935359-4583-4fc0-9974-9a99cded3a96 principal_kind="worker" auth_status="authenticated" run_id="01M3VZ48HZGTB0JAFTZ6MP9H37"
2026-10-01T14:50:36.139967Z  INFO fabro_server::server: HTTP response method=POST path=/api/v1/runs/01M3VZ48HZGTB0JAFTZ6MP9H37/petri/blobs status=200 latency_ms=0 request_id=4d999986-4e95-4cd1-babb-32991aae844c principal_kind="worker" auth_status="authenticated" run_id="01M3VZ48HZGTB0JAFTZ6MP9H37"
2026-10-01T14:50:36.140815Z  INFO fabro_server::server: HTTP response method=POST path=/api/v1/runs/01M3VZ48HZGTB0JAFTZ6MP9H37/petri/logs/coordinator/records status=204 latency_ms=0 request_id=21a24dd7-be50-4281-a29e-2b3ae5ded016 principal_kind="worker" auth_status="authenticated" run_id="01M3VZ48HZGTB0JAFTZ6MP9H37"
2026-10-01T14:50:36.141576Z  INFO fabro_server::server: HTTP response method=POST path=/api/v1/runs/01M3VZ48HZGTB0JAFTZ6MP9H37/petri/logs/coordinator/records status=204 latency_ms=0 request_id=77df1599-ed92-4bde-89b6-b4370c53ef84 principal_kind="worker" auth_status="authenticated" run_id="01M3VZ48HZGTB0JAFTZ6MP9H37"
2026-10-01T14:50:36.142620Z  INFO fabro_server::server: HTTP response method=POST path=/api/v1/runs/01M3VZ48HZGTB0JAFTZ6MP9H37/petri/logs/coordinator/records status=204 latency_ms=0 request_id=470a8529-2a24-4650-8b12-68854d514598 principal_kind="worker" auth_status="authenticated" run_id="01M3VZ48HZGTB0JAFTZ6MP9H37"
2026-10-01T14:50:36.143349Z  INFO fabro_server::server: HTTP response method=GET path=/api/v1/runs/01M3VZ48HZGTB0JAFTZ6MP9H37/petri/blobs/610b76f4141cdb5d2162b707b62c85dbe4892ead90c2a842625adc3c5c1842cb status=200 latency_ms=0 request_id=69ec3e57-f3cf-46e9-a808-70857600ae0e principal_kind="worker" auth_status="authenticated" run_id="01M3VZ48HZGTB0JAFTZ6MP9H37"
2026-10-01T14:50:36.144466Z  INFO fabro_server::server: HTTP response method=GET path=/api/v1/runs/01M3VZ48HZGTB0JAFTZ6MP9H37/petri/logs/execution%200/records status=200 latency_ms=0 request_id=75626c36-7e5d-4f9c-97d3-cddc53928edc principal_kind="worker" auth_status="authenticated" run_id="01M3VZ48HZGTB0JAFTZ6MP9H37"
2026-10-01T14:50:36.145423Z  INFO fabro_server::server: HTTP response method=POST path=/api/v1/runs/01M3VZ48HZGTB0JAFTZ6MP9H37/petri/logs/execution%200/records status=204 latency_ms=0 request_id=3b06899f-ed9e-41ee-b5f1-00f78fed562b principal_kind="worker" auth_status="authenticated" run_id="01M3VZ48HZGTB0JAFTZ6MP9H37"
2026-10-01T14:50:36.146047Z  INFO fabro_server::server: HTTP response method=POST path=/api/v1/runs/01M3VZ48HZGTB0JAFTZ6MP9H37/petri/logs/resources/records status=204 latency_ms=0 request_id=d2983a36-86d2-48b2-875c-ff2e9de7b467 principal_kind="worker" auth_status="authenticated" run_id="01M3VZ48HZGTB0JAFTZ6MP9H37"
2026-10-01T14:50:36.148258Z  INFO fabro_server::server: HTTP response method=POST path=/api/v1/runs/01M3VZ48HZGTB0JAFTZ6MP9H37/petri/logs/resources/records status=204 latency_ms=1 request_id=6f044c48-2296-4e35-8b65-cec15367c0e4 principal_kind="worker" auth_status="authenticated" run_id="01M3VZ48HZGTB0JAFTZ6MP9H37"
2026-10-01T14:50:36.149670Z  INFO fabro_server::server: HTTP response method=POST path=/api/v1/runs/01M3VZ48HZGTB0JAFTZ6MP9H37/petri/logs/execution%200/records status=204 latency_ms=3 request_id=31578ddb-f875-4565-bde6-1f03bc400195 principal_kind="worker" auth_status="authenticated" run_id="01M3VZ48HZGTB0JAFTZ6MP9H37"
2026-10-01T14:50:36.168047Z  INFO fabro_server::server: HTTP response method=POST path=/api/v1/runs/01M3VZ48HZGTB0JAFTZ6MP9H37/petri/logs/resources/records status=204 latency_ms=1 request_id=a3523a05-3bf3-40aa-89b6-6800541405b8 principal_kind="worker" auth_status="authenticated" run_id="01M3VZ48HZGTB0JAFTZ6MP9H37"
2026-10-01T14:50:36.168258Z  INFO scope.acquire{scope=0}: executor_sandbox: scope environment acquired
2026-10-01T14:50:36.169355Z  INFO fabro_server::server: HTTP response method=POST path=/api/v1/runs/01M3VZ48HZGTB0JAFTZ6MP9H37/petri/logs/execution%200/records status=204 latency_ms=0 request_id=ab14363c-9d51-4f24-aa6f-5a7a10ec0954 principal_kind="worker" auth_status="authenticated" run_id="01M3VZ48HZGTB0JAFTZ6MP9H37"
2026-10-01T14:50:36.172011Z  INFO fabro_server::server: HTTP response method=POST path=/api/v1/runs/01M3VZ48HZGTB0JAFTZ6MP9H37/petri/logs/execution%200/records status=204 latency_ms=1 request_id=ca2188e5-ed2b-429b-b361-2f069b7ec3bd principal_kind="worker" auth_status="authenticated" run_id="01M3VZ48HZGTB0JAFTZ6MP9H37"
2026-10-01T14:50:36.197787Z  INFO fabro_server::server: HTTP response method=GET path=/api/v1/runs/01M3VZ48HZGTB0JAFTZ6MP9H37/petri/platform-records status=200 latency_ms=0 request_id=9a7ddb80-1c13-4f91-bf56-bf355adf88ab principal_kind="worker" auth_status="authenticated" run_id="01M3VZ48HZGTB0JAFTZ6MP9H37"
2026-10-01T14:50:36.199038Z  INFO fabro_server::server: HTTP response method=POST path=/api/v1/runs/01M3VZ48HZGTB0JAFTZ6MP9H37/petri/platform-records status=200 latency_ms=0 request_id=99638be7-55b7-4d33-bd5e-33c9787ddd9e principal_kind="worker" auth_status="authenticated" run_id="01M3VZ48HZGTB0JAFTZ6MP9H37"
2026-10-01T14:50:36.200230Z  INFO fabro_server::server: HTTP response method=POST path=/api/v1/runs/01M3VZ48HZGTB0JAFTZ6MP9H37/petri/platform-records status=200 latency_ms=0 request_id=af3dc6ff-f46b-4fdb-888c-90cde4af1d06 principal_kind="worker" auth_status="authenticated" run_id="01M3VZ48HZGTB0JAFTZ6MP9H37"
2026-10-01T14:50:36.200466Z  INFO fabro_petri::hooks: run branch recorded run_id=01M3VZ48HZGTB0JAFTZ6MP9H37 workspace="invocation-0-scope-0" base_sha="af797b062a52c207363b19698a2a58636a03edac"
2026-10-01T14:50:36.201459Z  INFO fabro_server::server: HTTP response method=GET path=/api/v1/runs/01M3VZ48HZGTB0JAFTZ6MP9H37/petri/platform-records status=200 latency_ms=0 request_id=aa8cfb82-fe24-43e6-b5a2-88470841d16e principal_kind="worker" auth_status="authenticated" run_id="01M3VZ48HZGTB0JAFTZ6MP9H37"
2026-10-01T14:50:36.201755Z  INFO fabro_server::server: HTTP response method=POST path=/api/v1/runs/01M3VZ48HZGTB0JAFTZ6MP9H37/petri/logs/execution%200/records status=204 latency_ms=0 request_id=c4a20946-1d63-4a50-b84c-48250ddf24b1 principal_kind="worker" auth_status="authenticated" run_id="01M3VZ48HZGTB0JAFTZ6MP9H37"
2026-10-01T14:50:36.204965Z  INFO fabro_server::server: HTTP response method=POST path=/api/v1/runs/01M3VZ48HZGTB0JAFTZ6MP9H37/petri/platform-records status=200 latency_ms=1 request_id=c8a6955b-3501-4926-a6d2-efdc129318ce principal_kind="worker" auth_status="authenticated" run_id="01M3VZ48HZGTB0JAFTZ6MP9H37"
2026-10-01T14:50:36.206228Z  INFO fabro_server::server: HTTP response method=POST path=/api/v1/runs/01M3VZ48HZGTB0JAFTZ6MP9H37/petri/logs/execution%200/records status=204 latency_ms=0 request_id=a452f984-4ed8-4d19-8b1c-2a58ce8166b3 principal_kind="worker" auth_status="authenticated" run_id="01M3VZ48HZGTB0JAFTZ6MP9H37"
2026-10-01T14:50:36.206882Z  INFO fabro_server::server: HTTP response method=POST path=/api/v1/runs/01M3VZ48HZGTB0JAFTZ6MP9H37/petri/logs/execution%200/records status=204 latency_ms=0 request_id=698c6601-1aa5-475b-8f8d-4d4e85fa50bf principal_kind="worker" auth_status="authenticated" run_id="01M3VZ48HZGTB0JAFTZ6MP9H37"
2026-10-01T14:50:36.363524Z  INFO fabro_server::server: HTTP response method=GET path=/api/v1/runs/01M3VZ48HZGTB0JAFTZ6MP9H37 status=200 latency_ms=17 request_id=f654d735-6d5e-48c3-9aba-0d7c4cecbf07 principal_kind="user" auth_status="authenticated" user_auth_method="dev_token" idp_issuer="fabro:dev" idp_subject="dev" login="dev"
2026-10-01T14:50:36.470556Z  INFO fabro_server::server: HTTP response method=GET path=/api/v1/runs/01M3VZ48HZGTB0JAFTZ6MP9H37/events status=200 latency_ms=105 request_id=7030f565-fee4-41c5-a438-563fc1b44bb7 principal_kind="user" auth_status="authenticated" user_auth_method="dev_token" idp_issuer="fabro:dev" idp_subject="dev" login="dev"
2026-10-01T14:50:36.475797Z  INFO fabro_server::server: HTTP response method=GET path=/api/v1/runs/01M3VZ48HZGTB0JAFTZ6MP9H37/timeline status=200 latency_ms=2 request_id=614b509e-4362-403e-a71d-b6a1cc8e777f principal_kind="user" auth_status="authenticated" user_auth_method="dev_token" idp_issuer="fabro:dev" idp_subject="dev" login="dev"
2026-10-01T14:50:36.477990Z  INFO fabro_server::server: HTTP response method=GET path=/api/v1/runs/01M3VZ48HZGTB0JAFTZ6MP9H37/questions status=200 latency_ms=0 request_id=a0849559-2967-438b-a33c-3eb1c2b73146 principal_kind="user" auth_status="authenticated" user_auth_method="dev_token" idp_issuer="fabro:dev" idp_subject="dev" login="dev"
2026-10-01T14:50:36.479901Z  INFO fabro_server::server: HTTP response method=GET path=/api/v1/runs/01M3VZ48HZGTB0JAFTZ6MP9H37/stages status=200 latency_ms=0 request_id=8865876c-40a8-4651-8026-62a814526c6a principal_kind="user" auth_status="authenticated" user_auth_method="dev_token" idp_issuer="fabro:dev" idp_subject="dev" login="dev"
2026-10-01T14:50:36.701878Z  INFO fabro_server::server: HTTP response method=GET path=/api/v1/runs/01M3VZ48HZGTB0JAFTZ6MP9H37 status=200 latency_ms=14 request_id=1ae778da-afea-4093-85bd-7b6048bbc0a8 principal_kind="user" auth_status="authenticated" user_auth_method="dev_token" idp_issuer="fabro:dev" idp_subject="dev" login="dev"
2026-10-01T14:50:36.715503Z  INFO fabro_server::server: HTTP response method=GET path=/api/v1/runs/01M3VZ48HZGTB0JAFTZ6MP9H37/events status=200 latency_ms=12 request_id=d847d819-80ba-42af-a146-d355220429f1 principal_kind="user" auth_status="authenticated" user_auth_method="dev_token" idp_issuer="fabro:dev" idp_subject="dev" login="dev"
2026-10-01T14:50:36.719394Z  INFO fabro_server::server: HTTP response method=GET path=/api/v1/runs/01M3VZ48HZGTB0JAFTZ6MP9H37/timeline status=200 latency_ms=1 request_id=e3757d2a-c08f-4206-91ac-b0af6679f00d principal_kind="user" auth_status="authenticated" user_auth_method="dev_token" idp_issuer="fabro:dev" idp_subject="dev" login="dev"
2026-10-01T14:50:36.720993Z  INFO fabro_server::server: HTTP response method=GET path=/api/v1/runs/01M3VZ48HZGTB0JAFTZ6MP9H37/questions status=200 latency_ms=0 request_id=383488d9-12b5-48a7-8761-7b003081e3e8 principal_kind="user" auth_status="authenticated" user_auth_method="dev_token" idp_issuer="fabro:dev" idp_subject="dev" login="dev"
2026-10-01T14:50:36.722644Z  INFO fabro_server::server: HTTP response method=GET path=/api/v1/runs/01M3VZ48HZGTB0JAFTZ6MP9H37/stages status=200 latency_ms=0 request_id=ee61d603-08ad-47a8-950a-c2f5c830ee1b principal_kind="user" auth_status="authenticated" user_auth_method="dev_token" idp_issuer="fabro:dev" idp_subject="dev" login="dev"
2026-10-01T14:50:36.725011Z  INFO fabro_server::server: HTTP response method=GET path=/api/v1/runs/01M3VZ48HZGTB0JAFTZ6MP9H37/blobs/610b76f4141cdb5d2162b707b62c85dbe4892ead90c2a842625adc3c5c1842cb status=200 latency_ms=0 request_id=46654fde-da48-4432-afca-4abd6011f813 principal_kind="user" auth_status="authenticated" user_auth_method="dev_token" idp_issuer="fabro:dev" idp_subject="dev" login="dev"
2026-10-01T14:50:36.726923Z  INFO fabro_server::server: HTTP response method=GET path=/api/v1/runs/01M3VZ48HZGTB0JAFTZ6MP9H37/blobs/70753efa04628aaec3d7d545ce2f3150389252ddf0c349f115eac618b8561854 status=200 latency_ms=0 request_id=02f5545e-ab97-45b3-b5a2-aab415a34696 principal_kind="user" auth_status="authenticated" user_auth_method="dev_token" idp_issuer="fabro:dev" idp_subject="dev" login="dev"
2026-10-01T14:50:36.729143Z  INFO fabro_server::server: HTTP response method=GET path=/api/v1/runs/01M3VZ48HZGTB0JAFTZ6MP9H37/blobs/ccb8fbeba87bc4536cf73c0908377cac76896d1d62261c893a41120bb04c7e86 status=200 latency_ms=1 request_id=66829cec-1c8c-4009-96d6-e138707bc2ea principal_kind="user" auth_status="authenticated" user_auth_method="dev_token" idp_issuer="fabro:dev" idp_subject="dev" login="dev"
2026-10-01T14:50:36.730999Z  INFO fabro_server::server: HTTP response method=GET path=/api/v1/runs/01M3VZ48HZGTB0JAFTZ6MP9H37/stages/node_f9fb889a6260f0b424c036ce@1/logs/output status=200 latency_ms=0 request_id=d7623643-6de8-4728-8c57-0b9232da80c4 principal_kind="user" auth_status="authenticated" user_auth_method="dev_token" idp_issuer="fabro:dev" idp_subject="dev" login="dev"
2026-10-01T14:50:36.732477Z  INFO fabro_server::server: HTTP response method=GET path=/api/v1/runs/01M3VZ48HZGTB0JAFTZ6MP9H37/stages/start@1/logs/output status=200 latency_ms=0 request_id=1a3a4ff2-0aff-4c7f-8ef4-829ada4790c3 principal_kind="user" auth_status="authenticated" user_auth_method="dev_token" idp_issuer="fabro:dev" idp_subject="dev" login="dev"
2026-10-01T14:50:36.745620Z  INFO fabro_server::serve: Shutdown signal received, stopping server
2026-10-01T14:50:36.745722Z  INFO fabro_petri::engine: cancelling the Petri run
2026-10-01T14:50:36.746078Z  WARN run{id=01M3VZ48HZGTB0JAFTZ6MP9H37}: fabro_petri::http_store: Petri store reply lost; resending the request run_id=01M3VZ48HZGTB0JAFTZ6MP9H37 action="append records" attempt=1 delay_ms=100 error=Communication Error: error sending request for url (http://127.0.0.1:43913/api/v1/runs/01M3VZ48HZGTB0JAFTZ6MP9H37/petri/logs/coordinator/records)
2026-10-01T14:50:36.847952Z  WARN run{id=01M3VZ48HZGTB0JAFTZ6MP9H37}: fabro_petri::http_store: Petri store reply lost; resending the request run_id=01M3VZ48HZGTB0JAFTZ6MP9H37 action="append records" attempt=2 delay_ms=500 error=Communication Error: error sending request for url (http://127.0.0.1:43913/api/v1/runs/01M3VZ48HZGTB0JAFTZ6MP9H37/petri/logs/coordinator/records)
2026-10-01T14:50:37.350086Z  WARN run{id=01M3VZ48HZGTB0JAFTZ6MP9H37}: fabro_petri::http_store: Petri store reply lost; resending the request run_id=01M3VZ48HZGTB0JAFTZ6MP9H37 action="append records" attempt=3 delay_ms=2000 error=Communication Error: error sending request for url (http://127.0.0.1:43913/api/v1/runs/01M3VZ48HZGTB0JAFTZ6MP9H37/petri/logs/coordinator/records)
2026-10-01T14:50:39.352776Z  WARN fabro_petri::http_store: Petri store reply lost; resending the request run_id=01M3VZ48HZGTB0JAFTZ6MP9H37 action="release the run's lease" attempt=1 delay_ms=100 error=Communication Error: error sending request for url (http://127.0.0.1:43913/api/v1/runs/01M3VZ48HZGTB0JAFTZ6MP9H37/petri/release)
2026-10-01T14:50:39.352981Z  WARN run{id=01M3VZ48HZGTB0JAFTZ6MP9H37}: fabro_petri::engine: Petri run ended with a host error error=could not append records in Fabro server http://127.0.0.1:43913, run `01M3VZ48HZGTB0JAFTZ6MP9H37`: Communication Error: error sending request for url (http://127.0.0.1:43913/api/v1/runs/01M3VZ48HZGTB0JAFTZ6MP9H37/petri/logs/coordinator/records)
2026-10-01T14:50:39.454292Z  WARN fabro_petri::http_store: Petri store reply lost; resending the request run_id=01M3VZ48HZGTB0JAFTZ6MP9H37 action="release the run's lease" attempt=2 delay_ms=500 error=Communication Error: error sending request for url (http://127.0.0.1:43913/api/v1/runs/01M3VZ48HZGTB0JAFTZ6MP9H37/petri/release)
2026-10-01T14:50:39.956047Z  WARN fabro_petri::http_store: Petri store reply lost; resending the request run_id=01M3VZ48HZGTB0JAFTZ6MP9H37 action="release the run's lease" attempt=3 delay_ms=2000 error=Communication Error: error sending request for url (http://127.0.0.1:43913/api/v1/runs/01M3VZ48HZGTB0JAFTZ6MP9H37/petri/release)
